Archive member included to satisfy reference by file (symbol)

app/libapp.a(main.c.obj)      (--whole-archive)
zephyr/libzephyr.a(heap.c.obj)
                              (--whole-archive)
zephyr/libzephyr.a(cbprintf_packaged.c.obj)
                              (--whole-archive)
zephyr/libzephyr.a(printk.c.obj)
                              (--whole-archive)
zephyr/libzephyr.a(sem.c.obj)
                              (--whole-archive)
zephyr/libzephyr.a(thread_entry.c.obj)
                              (--whole-archive)
zephyr/libzephyr.a(cbprintf_complete.c.obj)
                              (--whole-archive)
zephyr/libzephyr.a(assert.c.obj)
                              (--whole-archive)
zephyr/libzephyr.a(mpsc_pbuf.c.obj)
                              (--whole-archive)
zephyr/libzephyr.a(dec.c.obj)
                              (--whole-archive)
zephyr/libzephyr.a(hex.c.obj)
                              (--whole-archive)
zephyr/libzephyr.a(rb.c.obj)  (--whole-archive)
zephyr/libzephyr.a(timeutil.c.obj)
                              (--whole-archive)
zephyr/libzephyr.a(bitarray.c.obj)
                              (--whole-archive)
zephyr/libzephyr.a(configs.c.obj)
                              (--whole-archive)
zephyr/libzephyr.a(soc.c.obj)
                              (--whole-archive)
zephyr/libzephyr.a(loader.c.obj)
                              (--whole-archive)
zephyr/libzephyr.a(esp32-mp.c.obj)
                              (--whole-archive)
zephyr/libzephyr.a(log_core.c.obj)
                              (--whole-archive)
zephyr/libzephyr.a(log_mgmt.c.obj)
                              (--whole-archive)
zephyr/libzephyr.a(log_cache.c.obj)
                              (--whole-archive)
zephyr/libzephyr.a(log_msg.c.obj)
                              (--whole-archive)
zephyr/libzephyr.a(log_output.c.obj)
                              (--whole-archive)
zephyr/libzephyr.a(log_backend_uart.c.obj)
                              (--whole-archive)
zephyr/libzephyr.a(tracing_none.c.obj)
                              (--whole-archive)
zephyr/libzephyr.a(windowspill_asm.S.obj)
                              (--whole-archive)
zephyr/libzephyr.a(uart_hal.c.obj)
                              (--whole-archive)
zephyr/libzephyr.a(uart_hal_iram.c.obj)
                              (--whole-archive)
zephyr/libzephyr.a(clk.c.obj)
                              (--whole-archive)
zephyr/libzephyr.a(adc_periph.c.obj)
                              (--whole-archive)
zephyr/libzephyr.a(i2s_periph.c.obj)
                              (--whole-archive)
zephyr/libzephyr.a(gpio_periph.c.obj)
                              (--whole-archive)
zephyr/libzephyr.a(rtc_io_periph.c.obj)
                              (--whole-archive)
zephyr/libzephyr.a(esp_clk.c.obj)
                              (--whole-archive)
zephyr/libzephyr.a(rtc_clk.c.obj)
                              (--whole-archive)
zephyr/libzephyr.a(rtc_init.c.obj)
                              (--whole-archive)
zephyr/libzephyr.a(rtc_time.c.obj)
                              (--whole-archive)
zephyr/libzephyr.a(rtc_clk_init.c.obj)
                              (--whole-archive)
zephyr/libzephyr.a(mac_addr.c.obj)
                              (--whole-archive)
zephyr/libzephyr.a(regi2c_ctrl.c.obj)
                              (--whole-archive)
zephyr/libzephyr.a(ets_timer_legacy.c.obj)
                              (--whole-archive)
zephyr/libzephyr.a(esp_timer.c.obj)
                              (--whole-archive)
zephyr/libzephyr.a(esp_timer_impl_lac.c.obj)
                              (--whole-archive)
zephyr/libzephyr.a(periph_ctrl.c.obj)
                              (--whole-archive)
zephyr/libzephyr.a(log_noos.c.obj)
                              (--whole-archive)
zephyr/libzephyr.a(log.c.obj)
                              (--whole-archive)
zephyr/libzephyr.a(wdt_hal_iram.c.obj)
                              (--whole-archive)
zephyr/libzephyr.a(interrupt_controller_hal.c.obj)
                              (--whole-archive)
zephyr/libzephyr.a(interrupt_descriptor_table.c.obj)
                              (--whole-archive)
zephyr/libzephyr.a(esp_efuse_fields.c.obj)
                              (--whole-archive)
zephyr/libzephyr.a(esp_efuse_table.c.obj)
                              (--whole-archive)
zephyr/libzephyr.a(esp_efuse_utility.c.obj)
                              (--whole-archive)
zephyr/libzephyr.a(esp_efuse_api.c.obj)
                              (--whole-archive)
zephyr/libzephyr.a(esp_efuse_api_key_esp32.c.obj)
                              (--whole-archive)
zephyr/libzephyr.a(esp_efuse_utility.c.obj)
                              (--whole-archive)
zephyr/libzephyr.a(bootloader_flash_config_esp32.c.obj)
                              (--whole-archive)
zephyr/libzephyr.a(bootloader_efuse_esp32.c.obj)
                              (--whole-archive)
zephyr/libzephyr.a(reset_reason.c.obj)
                              (--whole-archive)
[...]
Memory Configuration

Name             Origin             Length             Attributes
mcuboot_hdr      0x0000000000000000 0x0000000000000020 xr
metadata         0x0000000000000020 0x0000000000000020 xr
ROM              0x0000000000000040 0x00000000003fffc0 xr
iram0_0_seg      0x0000000040080000 0x0000000000020000 xr
irom0_0_seg      0x00000000400d0020 0x00000000003fffe0 xr
dram0_0_seg      0x000000003ffb0000 0x000000000002c200 rw
dram0_1_seg      0x000000003ffe5230 0x000000000001add0 rw
drom0_0_seg      0x000000003f400040 0x00000000003fffc0 r
rtc_iram_seg     0x00000000400c0000 0x0000000000002000 xrw
rtc_slow_seg     0x0000000050000000 0x0000000000001000 rw
IDT_LIST         0x000000003ebfe010 0x0000000000002000 rw
*default*        0x0000000000000000 0xffffffffffffffff

Linker script and memory map

                0x0000000040083a28                vfprintf = __l_vfprintf
                0x0000000000000000                vfscanf = __l_vfscanf
LOAD zephyr/CMakeFiles/zephyr_pre0.dir/misc/empty_file.c.obj
LOAD zephyr/CMakeFiles/offsets.dir/./arch/xtensa/core/offsets/offsets.c.obj
LOAD app/libapp.a
LOAD zephyr/libzephyr.a
LOAD zephyr/arch/common/libarch__common.a
LOAD zephyr/arch/arch/xtensa/core/libarch__xtensa__core.a
LOAD zephyr/lib/libc/picolibc/liblib__libc__picolibc.a
LOAD zephyr/lib/libc/common/liblib__libc__common.a
LOAD zephyr/subsys/random/libsubsys__random.a
LOAD zephyr/drivers/interrupt_controller/libdrivers__interrupt_controller.a
LOAD zephyr/drivers/clock_control/libdrivers__clock_control.a
LOAD zephyr/drivers/console/libdrivers__console.a
LOAD zephyr/drivers/entropy/libdrivers__entropy.a
LOAD zephyr/drivers/gpio/libdrivers__gpio.a
LOAD zephyr/drivers/pinctrl/libdrivers__pinctrl.a
LOAD zephyr/drivers/serial/libdrivers__serial.a
LOAD zephyr/drivers/timer/libdrivers__timer.a
LOAD zephyr/kernel/libkernel.a
LOAD /home/ivan/bin/zephyr-sdk-0.16.4/xtensa-espressif_esp32_zephyr-elf/bin/../lib/gcc/xtensa-espressif_esp32_zephyr-elf/12.2.0/libgcc.a
LOAD zephyr/arch/common/libisr_tables.a
LOAD /home/ivan/bin/zephyr-sdk-0.16.4/xtensa-espressif_esp32_zephyr-elf/bin/../lib/gcc/xtensa-espressif_esp32_zephyr-elf/12.2.0/libgcc.a
LOAD /home/ivan/bin/zephyr-sdk-0.16.4/xtensa-espressif_esp32_zephyr-elf/bin/../lib/gcc/../../picolibc/xtensa-espressif_esp32_zephyr-elf/lib/libc.a
LOAD /home/ivan/bin/zephyr-sdk-0.16.4/xtensa-espressif_esp32_zephyr-elf/bin/../lib/gcc/xtensa-espressif_esp32_zephyr-elf/12.2.0/libgcc.a
                [!provide]                        PROVIDE (_ResetVector = 0x40000400)
                0x0000000000000000                _rom_store_table = 0x0
                [!provide]                        PROVIDE (_memmap_vecbase_reset = 0x40000450)
                [!provide]                        PROVIDE (_memmap_reset_vector = 0x40000400)

.mcuboot_header
                0x0000000000000000       0x20
                0x0000000000000000        0x8 QUAD 0x0
                0x0000000000000008        0x8 QUAD 0x0
                0x0000000000000010        0x8 QUAD 0x0
                0x0000000000000018        0x8 QUAD 0x0

.metadata       0x0000000000000020       0x1c
                0x0000000000000020        0x4 LONG 0xace637d3
 *(SORT_BY_ALIGNMENT(.entry_addr))
                0x0000000000000024        0x4 LONG 0x40080000 ADDR (.iram0.vectors)
                0x0000000000000028        0x4 LONG 0x1b74 LOADADDR (.iram0.vectors)
                0x000000000000002c        0x4 LONG 0x411c ((LOADADDR (text) + SIZEOF (text)) - LOADADDR (.iram0.vectors))
                0x0000000000000030        0x4 LONG 0x3ffb0000 ADDR (.dram0.data)
                0x0000000000000034        0x4 LONG 0x11fc LOADADDR (.dram0.data)
                0x0000000000000038        0x4 LONG 0x978 ((LOADADDR (.dram0.end) + SIZEOF (.dram0.end)) - LOADADDR (.dram0.data))

.rel.plt        0x0000000000000000        0x0
 *(SORT_BY_ALIGNMENT(.rel.plt))
                [!provide]                        PROVIDE (__rel_iplt_start = .)
 *(SORT_BY_ALIGNMENT(.rel.iplt))
                [!provide]                        PROVIDE (__rel_iplt_end = .)

.rela.plt       0x0000000000000000        0x0
 *(SORT_BY_ALIGNMENT(.rela.plt))
                [!provide]                        PROVIDE (__rela_iplt_start = .)
 *(SORT_BY_ALIGNMENT(.rela.iplt))
                [!provide]                        PROVIDE (__rela_iplt_end = .)

.rel.dyn
 *(SORT_BY_ALIGNMENT(.rel.*))

.rela.dyn
 *(SORT_BY_ALIGNMENT(.rela.*))
                0x0000000000000040                _image_drom_start = LOADADDR (rodata)
                0x00000000000011bc                _image_drom_size = ((LOADADDR (_RODATA_SECTION_END) + SIZEOF (_RODATA_SECTION_END)) - _image_drom_start)
                0x000000003f400040                _image_drom_vaddr = ADDR (rodata)

rodata          0x000000003f400040     0x1100 load address 0x0000000000000040
                0x000000003f400040                __rodata_region_start = ABSOLUTE (.)
                0x000000003f400040                . = ALIGN (0x4)
                0x000000003f400040                . = ALIGN (0x4)
 *(SORT_BY_ALIGNMENT(EXCLUDE_FILE(*libzephyr.a:spi_flash_rom_patch.* *libdrivers__serial.a:uart_esp32.* *libdrivers__flash.a:flash_esp32.* *libzephyr.a:loader.* *libzephyr.a:log_output.* *libdrivers__flash.a:esp32_mp.* *libzephyr.a:log_backend_uart.* *libzephyr.a:log_core.* *libzephyr.a:cbprintf_complete* *libkernel.a:init.* *libkernel.a:fatal.* *libarch__xtensa__core.a:*) .rodata))
 .rodata        0x000000003f400040        0x4 zephyr/libzephyr.a(clk.c.obj)
 .rodata        0x000000003f400044        0x8 zephyr/drivers/clock_control/libdrivers__clock_control.a(clock_control_esp32.c.obj)
 *(SORT_BY_ALIGNMENT(EXCLUDE_FILE(*libzephyr.a:spi_flash_rom_patch.* *libdrivers__serial.a:uart_esp32.* *libdrivers__flash.a:flash_esp32.* *libzephyr.a:loader.* *libzephyr.a:log_output.* *libdrivers__flash.a:esp32_mp.* *libzephyr.a:log_backend_uart.* *libzephyr.a:log_core.* *libzephyr.a:cbprintf_complete* *libkernel.a:init.* *libkernel.a:fatal.* *libarch__xtensa__core.a:*) .rodata.*))
 .rodata.sw     0x000000003f40004c        0x8 app/libapp.a(main.c.obj)
 .rodata.led    0x000000003f400054        0x8 app/libapp.a(main.c.obj)
 .rodata.cbvprintf_package
                0x000000003f40005c       0xbc zephyr/libzephyr.a(cbprintf_packaged.c.obj)
 .rodata.GPIO_PIN_MUX_REG
                0x000000003f400118       0xa0 zephyr/libzephyr.a(gpio_periph.c.obj)
                0x000000003f400118                GPIO_PIN_MUX_REG
 .rodata.rtc_io_desc
                0x000000003f4001b8      0x3f0 zephyr/libzephyr.a(rtc_io_periph.c.obj)
                0x000000003f4001b8                rtc_io_desc
 .rodata.rtc_io_num_map
                0x000000003f4005a8       0xa0 zephyr/libzephyr.a(rtc_io_periph.c.obj)
                0x000000003f4005a8                rtc_io_num_map
 .rodata.periph_ll_get_rst_en_mask
                0x000000003f400648       0x84 zephyr/libzephyr.a(periph_ctrl.c.obj)
 .rodata.CSWTCH$6
                0x000000003f4006cc       0x84 zephyr/libzephyr.a(periph_ctrl.c.obj)
 .rodata.interrupt_descriptor_table
                0x000000003f400750      0x200 zephyr/libzephyr.a(interrupt_descriptor_table.c.obj)
 .rodata.esp_reset_reason_init
                0x000000003f400950       0x20 zephyr/libzephyr.a(reset_reason.c.obj)
 .rodata.CSWTCH$7
                0x000000003f400970       0x84 zephyr/drivers/clock_control/libdrivers__clock_control.a(clock_control_esp32.c.obj)
 .rodata.esp32_clock_config0
                0x000000003f4009f4       0x10 zephyr/drivers/clock_control/libdrivers__clock_control.a(clock_control_esp32.c.obj)
 .rodata.clock_control_esp32_api
                0x000000003f400a04       0x1c zephyr/drivers/clock_control/libdrivers__clock_control.a(clock_control_esp32.c.obj)
 .rodata.entropy_esp32_api_funcs
                0x000000003f400a20        0x8 zephyr/drivers/entropy/libdrivers__entropy.a(entropy_esp32.c.obj)
 .rodata.gpio_esp32_driver_api
                0x000000003f400a28       0x24 zephyr/drivers/gpio/libdrivers__gpio.a(gpio_esp32.c.obj)
 .rodata.esp32_gpio_ports_addrs
                0x000000003f400a4c        0x8 zephyr/drivers/pinctrl/libdrivers__pinctrl.a(pinctrl_esp32.c.obj)
 .rodata.__l_vfprintf
                0x000000003f400a54       0x90 /home/ivan/bin/zephyr-sdk-0.16.4/xtensa-espressif_esp32_zephyr-elf/bin/../lib/gcc/../../picolibc/xtensa-espressif_esp32_zephyr-elf/lib/libc.a(libc_tinystdio_vflprintf.c.o)
 .rodata.button_action_work_handler.str1.1
                0x000000003f400ae4       0x2a app/libapp.a(main.c.obj)
 .rodata.main.str1.1
                0x000000003f400b0e       0x6f app/libapp.a(main.c.obj)
 .rodata.str1.1
                0x000000003f400b7d        0x5 app/libapp.a(main.c.obj)
 .rodata.cbprintf_package_convert.str1.1
                0x000000003f400b82       0xa3 zephyr/libzephyr.a(cbprintf_packaged.c.obj)
 .rodata.str1.1
                0x000000003f400c25       0x11 zephyr/libzephyr.a(cbprintf_packaged.c.obj)
 .rodata.str1.1
                0x000000003f400c36        0x9 zephyr/libzephyr.a(log_mgmt.c.obj)
 .rodata.z_impl_z_log_msg_static_create.str1.1
                0x000000003f400c3f       0x3f zephyr/libzephyr.a(log_msg.c.obj)
 .rodata.select_rtc_slow_clk.str1.1
                0x000000003f400c7e       0x4c zephyr/libzephyr.a(clk.c.obj)
                                         0x50 (size before relaxing)
 .rodata.rtc_clk_cpu_freq_to_pll_mhz.str1.1
                0x000000003f400cca       0x26 zephyr/libzephyr.a(rtc_clk.c.obj)
 .rodata.rtc_clk_cpu_freq_get_config.str1.1
                0x000000003f400cf0       0x30 zephyr/libzephyr.a(rtc_clk.c.obj)
 .rodata.CSWTCH$54
                0x000000003f400d20       0x11 zephyr/libzephyr.a(rtc_clk.c.obj)
 .rodata.CSWTCH$52
                0x000000003f400d31       0x11 zephyr/libzephyr.a(rtc_clk.c.obj)
 .rodata.CSWTCH$51
                0x000000003f400d42       0x11 zephyr/libzephyr.a(rtc_clk.c.obj)
 .rodata.CSWTCH$50
                0x000000003f400d53       0x11 zephyr/libzephyr.a(rtc_clk.c.obj)
 .rodata.CSWTCH$49
                0x000000003f400d64       0x11 zephyr/libzephyr.a(rtc_clk.c.obj)
 .rodata.CSWTCH$48
                0x000000003f400d75       0x11 zephyr/libzephyr.a(rtc_clk.c.obj)
 .rodata.CSWTCH$47
                0x000000003f400d86       0x11 zephyr/libzephyr.a(rtc_clk.c.obj)
 .rodata.rtc_clk_cal_internal.str1.1
                0x000000003f400d97       0x47 zephyr/libzephyr.a(rtc_time.c.obj)
 .rodata.rtc_clk_xtal_freq_estimate.str1.1
                0x000000003f400dde       0xc2 zephyr/libzephyr.a(rtc_clk_init.c.obj)
 .rodata.rtc_clk_init.str1.1
                0x000000003f400ea0       0xb8 zephyr/libzephyr.a(rtc_clk_init.c.obj)
 .rodata.esp_timer_init.str1.1
                0x000000003f400f58       0x24 zephyr/libzephyr.a(esp_timer.c.obj)
 .rodata.abort.str1.1
                0x000000003f400f7c        0x9 zephyr/lib/libc/common/liblib__libc__common.a(abort.c.obj)
 .rodata.default_intr_handler.str1.1
                0x000000003f400f85       0x23 zephyr/drivers/interrupt_controller/libdrivers__interrupt_controller.a(intc_esp32.c.obj)
 .rodata.CSWTCH$269
                0x000000003f400fa8        0x6 zephyr/drivers/interrupt_controller/libdrivers__interrupt_controller.a(intc_esp32.c.obj)
 .rodata.str1.1
                0x000000003f400fae        0xb zephyr/drivers/interrupt_controller/libdrivers__interrupt_controller.a(intc_esp32.c.obj)
 .rodata.str1.1
                0x000000003f400fb9        0xd zephyr/drivers/clock_control/libdrivers__clock_control.a(clock_control_esp32.c.obj)
 .rodata.xtal_freq
                0x000000003f400fc6        0x4 zephyr/drivers/clock_control/libdrivers__clock_control.a(clock_control_esp32.c.obj)
 .rodata.str1.1
                0x000000003f400fca        0xe zephyr/drivers/entropy/libdrivers__entropy.a(entropy_esp32.c.obj)
 .rodata.gpio_esp32_config.str1.1
                0x000000003f400fd8       0x6b zephyr/drivers/gpio/libdrivers__gpio.a(gpio_esp32.c.obj)
 .rodata.str1.1
                0x000000003f401043       0x27 zephyr/drivers/gpio/libdrivers__gpio.a(gpio_esp32.c.obj)
 .rodata.boot_banner.str1.1
                0x000000003f40106a       0x42 zephyr/kernel/libkernel.a(banner.c.obj)
 .rodata.k_sys_work_q_init.str1.1
                0x000000003f4010ac        0x9 zephyr/kernel/libkernel.a(system_work_q.c.obj)
 .rodata.__l_vfprintf.str1.1
                0x000000003f4010b5        0xf /home/ivan/bin/zephyr-sdk-0.16.4/xtensa-espressif_esp32_zephyr-elf/bin/../lib/gcc/../../picolibc/xtensa-espressif_esp32_zephyr-elf/lib/libc.a(libc_tinystdio_vflprintf.c.o)
 *(SORT_BY_ALIGNMENT(.irom1.text))
 *(SORT_BY_ALIGNMENT(.gnu.linkonce.r.*))
 *(SORT_BY_ALIGNMENT(.rodata1))
                0x000000003f4010c4                __XT_EXCEPTION_TABLE_ = ABSOLUTE (.)
 *(SORT_BY_ALIGNMENT(.xt_except_table))
 *(SORT_BY_ALIGNMENT(.gcc_except_table) SORT_BY_ALIGNMENT(.gcc_except_table.*))
 *(SORT_BY_ALIGNMENT(.gnu.linkonce.e.*))
 *(SORT_BY_ALIGNMENT(.gnu.version_r))
                0x000000003f4010c4                . = ((. + 0x3) & 0xfffffffffffffffc)
                0x000000003f4010c4                __eh_frame = ABSOLUTE (.)
 *(SORT_BY_ALIGNMENT(.eh_frame))
 .eh_frame      0x000000003f4010c4       0x28 /home/ivan/bin/zephyr-sdk-0.16.4/xtensa-espressif_esp32_zephyr-elf/bin/../lib/gcc/xtensa-espressif_esp32_zephyr-elf/12.2.0/libgcc.a(_divdi3.o)
 .eh_frame      0x000000003f4010ec       0x28 /home/ivan/bin/zephyr-sdk-0.16.4/xtensa-espressif_esp32_zephyr-elf/bin/../lib/gcc/xtensa-espressif_esp32_zephyr-elf/12.2.0/libgcc.a(_udivdi3.o)
 .eh_frame      0x000000003f401114       0x28 /home/ivan/bin/zephyr-sdk-0.16.4/xtensa-espressif_esp32_zephyr-elf/bin/../lib/gcc/xtensa-espressif_esp32_zephyr-elf/12.2.0/libgcc.a(_umoddi3.o)
                0x000000003f401140                . = ((. + 0x7) & 0xfffffffffffffffc)
 *fill*         0x000000003f40113c        0x4 
                0x000000003f401140                __XT_EXCEPTION_DESCS_ = ABSOLUTE (.)
 *(SORT_BY_ALIGNMENT(.xt_except_desc))
 *(SORT_BY_ALIGNMENT(.gnu.linkonce.h.*))
                0x000000003f401140                __XT_EXCEPTION_DESCS_END__ = ABSOLUTE (.)
 *(SORT_BY_ALIGNMENT(.xt_except_desc_end))
 *(SORT_BY_ALIGNMENT(.dynamic))
 *(SORT_BY_ALIGNMENT(.gnu.version_d))
                0x000000003f401140                . = ALIGN (0x4)
                0x000000003f401140                __rodata_region_end = ABSOLUTE (.)
                0x000000003f401140                _lit4_start = ABSOLUTE (.)
 *(SORT_BY_ALIGNMENT(*.lit4))
 *(SORT_BY_ALIGNMENT(.lit4.*))
 *(SORT_BY_ALIGNMENT(.gnu.linkonce.lit4.*))
                0x000000003f401140                _lit4_end = ABSOLUTE (.)
                0x000000003f401140                . = ALIGN (0x4)
 *(SORT_BY_ALIGNMENT(.rodata_wlog))
 *(SORT_BY_ALIGNMENT(.rodata_wlog*))
                0x000000003f401140                . = ALIGN (0x4)

initlevel       0x000000003f401140       0x58 load address 0x0000000000001140
                0x000000003f401140                __init_start = .
                0x000000003f401140                __init_EARLY_start = .
 *(SORT_BY_NAME(SORT_BY_ALIGNMENT(.z_init_EARLY?_*)))
 *(SORT_BY_NAME(SORT_BY_ALIGNMENT(.z_init_EARLY??_*)))
                0x000000003f401140                __init_PRE_KERNEL_1_start = .
 *(SORT_BY_NAME(SORT_BY_ALIGNMENT(.z_init_PRE_KERNEL_1?_*)))
 *(SORT_BY_NAME(SORT_BY_ALIGNMENT(.z_init_PRE_KERNEL_1??_*)))
 .z_init_PRE_KERNEL_130_00005_
                0x000000003f401140        0x8 zephyr/drivers/clock_control/libdrivers__clock_control.a(clock_control_esp32.c.obj)
 .z_init_PRE_KERNEL_130_0_
                0x000000003f401148        0x8 zephyr/kernel/libkernel.a(kheap.c.obj)
 .z_init_PRE_KERNEL_140_00010_
                0x000000003f401150        0x8 zephyr/drivers/gpio/libdrivers__gpio.a(gpio_esp32.c.obj)
 .z_init_PRE_KERNEL_140_00078_
                0x000000003f401158        0x8 zephyr/drivers/gpio/libdrivers__gpio.a(gpio_esp32.c.obj)
 .z_init_PRE_KERNEL_150_00064_
                0x000000003f401160        0x8 zephyr/drivers/entropy/libdrivers__entropy.a(entropy_esp32.c.obj)
 .z_init_PRE_KERNEL_150_00065_
                0x000000003f401168        0x8 zephyr/drivers/serial/libdrivers__serial.a(uart_esp32.c.obj)
 .z_init_PRE_KERNEL_160_0_
                0x000000003f401170        0x8 zephyr/drivers/console/libdrivers__console.a(uart_console.c.obj)
                0x000000003f401178                __init_PRE_KERNEL_2_start = .
 *(SORT_BY_NAME(SORT_BY_ALIGNMENT(.z_init_PRE_KERNEL_2?_*)))
 .z_init_PRE_KERNEL_20_0_
                0x000000003f401178        0x8 zephyr/drivers/timer/libdrivers__timer.a(xtensa_sys_timer.c.obj)
 *(SORT_BY_NAME(SORT_BY_ALIGNMENT(.z_init_PRE_KERNEL_2??_*)))
                0x000000003f401180                __init_POST_KERNEL_start = .
 *(SORT_BY_NAME(SORT_BY_ALIGNMENT(.z_init_POST_KERNEL?_*)))
 .z_init_POST_KERNEL0_0_
                0x000000003f401180        0x8 zephyr/libzephyr.a(log_core.c.obj)
 *(SORT_BY_NAME(SORT_BY_ALIGNMENT(.z_init_POST_KERNEL??_*)))
 .z_init_POST_KERNEL40_0_
                0x000000003f401188        0x8 zephyr/lib/libc/common/liblib__libc__common.a(malloc.c.obj)
 .z_init_POST_KERNEL40_0_
                0x000000003f401190        0x8 zephyr/kernel/libkernel.a(system_work_q.c.obj)
                0x000000003f401198                __init_APPLICATION_start = .
 *(SORT_BY_NAME(SORT_BY_ALIGNMENT(.z_init_APPLICATION?_*)))
 *(SORT_BY_NAME(SORT_BY_ALIGNMENT(.z_init_APPLICATION??_*)))
                0x000000003f401198                __init_SMP_start = .
 *(SORT_BY_NAME(SORT_BY_ALIGNMENT(.z_init_SMP?_*)))
 *(SORT_BY_NAME(SORT_BY_ALIGNMENT(.z_init_SMP??_*)))
                0x000000003f401198                __init_end = .

device_area     0x000000003f401198       0x64 load address 0x0000000000001198
                0x000000003f401198                _device_list_start = .
 *(SORT_BY_NAME(SORT_BY_ALIGNMENT(._device.static.*_?_*)))
 *(SORT_BY_NAME(SORT_BY_ALIGNMENT(._device.static.*_??_*)))
 ._device.static.1_30_
                0x000000003f401198       0x14 zephyr/drivers/clock_control/libdrivers__clock_control.a(clock_control_esp32.c.obj)
                0x000000003f401198                __device_dts_ord_5
 ._device.static.1_40_
                0x000000003f4011ac       0x28 zephyr/drivers/gpio/libdrivers__gpio.a(gpio_esp32.c.obj)
                0x000000003f4011ac                __device_dts_ord_78
                0x000000003f4011c0                __device_dts_ord_10
 ._device.static.1_50_
                0x000000003f4011d4       0x14 zephyr/drivers/entropy/libdrivers__entropy.a(entropy_esp32.c.obj)
                0x000000003f4011d4                __device_dts_ord_64
 ._device.static.1_50_
                0x000000003f4011e8       0x14 zephyr/drivers/serial/libdrivers__serial.a(uart_esp32.c.obj)
                0x000000003f4011e8                __device_dts_ord_65
                0x000000003f4011fc                _device_list_end = .

initlevel_error
                0x000000000000003c        0x0
 *(SORT_BY_NAME(SORT_BY_ALIGNMENT(.z_init_[_A-Z0-9]*)))
                0x0000000000000001                ASSERT ((SIZEOF (initlevel_error) == 0x0), Undefined initialization levels used.)

app_shmem_regions
                0x000000003f4011fc        0x0 load address 0x00000000000011fc
                0x000000003f4011fc                __app_shmem_regions_start = .
 *(SORT_BY_NAME(SORT_BY_ALIGNMENT(.app_regions.*)))
                0x000000003f4011fc                __app_shmem_regions_end = .

k_p4wq_initparam_area
                0x000000003f4011fc        0x0 load address 0x00000000000011fc
                0x000000003f4011fc                _k_p4wq_initparam_list_start = .
 *(SORT_BY_NAME(SORT_BY_ALIGNMENT(._k_p4wq_initparam.static.*)))
                0x000000003f4011fc                _k_p4wq_initparam_list_end = .

_static_thread_data_area
                0x000000003f4011fc        0x0 load address 0x00000000000011fc
                0x000000003f4011fc                __static_thread_data_list_start = .
 *(SORT_BY_NAME(SORT_BY_ALIGNMENT(.__static_thread_data.static.*)))
                0x000000003f4011fc                __static_thread_data_list_end = .

device_deps     0x000000003f4011fc        0x0 load address 0x00000000000011fc
                0x000000003f4011fc                __device_deps_start = .
 *(SORT_BY_NAME(SORT_BY_ALIGNMENT(.__device_deps_pass2*)))
                0x000000003f4011fc                __device_deps_end = .

ztest           0x000000003f4011fc        0x0 load address 0x00000000000011fc
                0x000000003f4011fc                _ztest_expected_result_entry_list_start = .
 *(SORT_BY_NAME(SORT_BY_ALIGNMENT(._ztest_expected_result_entry.static.*)))
                0x000000003f4011fc                _ztest_expected_result_entry_list_end = .
                0x000000003f4011fc                _ztest_suite_node_list_start = .
 *(SORT_BY_NAME(SORT_BY_ALIGNMENT(._ztest_suite_node.static.*)))
                0x000000003f4011fc                _ztest_suite_node_list_end = .
                0x000000003f4011fc                _ztest_unit_test_list_start = .
 *(SORT_BY_NAME(SORT_BY_ALIGNMENT(._ztest_unit_test.static.*)))
                0x000000003f4011fc                _ztest_unit_test_list_end = .
                0x000000003f4011fc                _ztest_test_rule_list_start = .
 *(SORT_BY_NAME(SORT_BY_ALIGNMENT(._ztest_test_rule.static.*)))
                0x000000003f4011fc                _ztest_test_rule_list_end = .

bt_l2cap_fixed_chan_area
                0x000000003f4011fc        0x0 load address 0x00000000000011fc
                0x000000003f4011fc                _bt_l2cap_fixed_chan_list_start = .
 *(SORT_BY_NAME(SORT_BY_ALIGNMENT(._bt_l2cap_fixed_chan.static.*)))
                0x000000003f4011fc                _bt_l2cap_fixed_chan_list_end = .

bt_gatt_service_static_area
                0x000000003f4011fc        0x0 load address 0x00000000000011fc
                0x000000003f4011fc                _bt_gatt_service_static_list_start = .
 *(SORT_BY_NAME(SORT_BY_ALIGNMENT(._bt_gatt_service_static.static.*)))
                0x000000003f4011fc                _bt_gatt_service_static_list_end = .

tracing_backend_area
                0x000000003f4011fc        0x0 load address 0x00000000000011fc
                0x000000003f4011fc                _tracing_backend_list_start = .
 *(SORT_BY_NAME(SORT_BY_ALIGNMENT(._tracing_backend.static.*)))
                0x000000003f4011fc                _tracing_backend_list_end = .

zephyr_dbg_info
 *(SORT_BY_ALIGNMENT(.dbg_thread_info))

symbol_to_keep  0x000000003f4011fc        0x0 load address 0x00000000000011fc
                0x000000003f4011fc                __symbol_to_keep_start = .
 *(SORT_BY_NAME(SORT_BY_ALIGNMENT(.symbol_to_keep*)))
                0x000000003f4011fc                __symbol_to_keep_end = .

shell_area      0x000000003f4011fc        0x0 load address 0x00000000000011fc
                0x000000003f4011fc                _shell_list_start = .
 *(SORT_BY_NAME(SORT_BY_ALIGNMENT(._shell.static.*)))
                0x000000003f4011fc                _shell_list_end = .

shell_root_cmds_area
                0x000000003f4011fc        0x0 load address 0x00000000000011fc
                0x000000003f4011fc                _shell_root_cmds_list_start = .
 *(SORT_BY_NAME(SORT_BY_ALIGNMENT(._shell_root_cmds.static.*)))
                0x000000003f4011fc                _shell_root_cmds_list_end = .

shell_subcmds_area
                0x000000003f4011fc        0x0 load address 0x00000000000011fc
                0x000000003f4011fc                _shell_subcmds_list_start = .
 *(SORT_BY_NAME(SORT_BY_ALIGNMENT(._shell_subcmds.static.*)))
                0x000000003f4011fc                _shell_subcmds_list_end = .

shell_dynamic_subcmds_area
                0x000000003f4011fc        0x0 load address 0x00000000000011fc
                0x000000003f4011fc                _shell_dynamic_subcmds_list_start = .
 *(SORT_BY_NAME(SORT_BY_ALIGNMENT(._shell_dynamic_subcmds.static.*)))
                0x000000003f4011fc                _shell_dynamic_subcmds_list_end = .

cfb_font_area   0x000000003f4011fc        0x0 load address 0x00000000000011fc
                0x000000003f4011fc                _cfb_font_list_start = .
 *(SORT_BY_NAME(SORT_BY_ALIGNMENT(._cfb_font.static.*)))
                0x000000003f4011fc                _cfb_font_list_end = .

.intList        0x000000003f4011fc       0x18 load address 0x000000003ebfe010
 *(SORT_BY_ALIGNMENT(.irq_info*))
 .irq_info      0x000000003f4011fc        0x8 zephyr/arch/common/libisr_tables.a(isr_tables.c.obj)
                0x000000003f4011fc                _iheader
 *(SORT_BY_ALIGNMENT(.intList*))
 .intList       0x000000003f401204       0x10 zephyr/drivers/timer/libdrivers__timer.a(xtensa_sys_timer.c.obj)

_RODATA_SECTION_END
                0x000000003f401214        0x0 load address 0x00000000000011fc
                0x000000003f401214                . = ALIGN (0x4)
                0x000000003f401214                _image_rodata_end = ABSOLUTE (.)
                0x00000000000011fc                _image_dram_start = LOADADDR (.dram0.data)
                0x0000000000000978                _image_dram_size = ((LOADADDR (.dram0.end) + SIZEOF (.dram0.end)) - _image_dram_start)
                0x000000003ffb0000                _image_dram_vaddr = ADDR (.dram0.data)

.dram0.data     0x000000003ffb0000      0x7ac load address 0x00000000000011fc
                0x000000003ffb0000                __data_start = ABSOLUTE (.)
                0x000000003ffb0000                _btdm_data_start = ABSOLUTE (.)
 *libbtdm_app.a:(SORT_BY_ALIGNMENT(.data) SORT_BY_ALIGNMENT(.data.*))
                0x000000003ffb0000                . = ALIGN (0x4)
                0x000000003ffb0000                _btdm_data_end = ABSOLUTE (.)
 *(SORT_BY_ALIGNMENT(.data))
 *(SORT_BY_ALIGNMENT(.data.*))
 .data.button_action_work
                0x000000003ffb0000       0x10 app/libapp.a(main.c.obj)
                0x000000003ffb0000                button_action_work
 .data._char_out
                0x000000003ffb0010        0x4 zephyr/libzephyr.a(printk.c.obj)
                0x000000003ffb0010                _char_out
 .data.timestamp_func
                0x000000003ffb0014        0x4 zephyr/libzephyr.a(log_core.c.obj)
 .data.backend_cb_log_backend_uart
                0x000000003ffb0018        0x8 zephyr/libzephyr.a(log_backend_uart.c.obj)
 .data.esp_log_default_level
                0x000000003ffb0020        0x4 zephyr/libzephyr.a(log.c.obj)
                0x000000003ffb0020                esp_log_default_level
 .data.__stdout
                0x000000003ffb0024       0x10 zephyr/lib/libc/picolibc/liblib__libc__picolibc.a(libc-hooks.c.obj)
 .data.gpio_config_1
                0x000000003ffb0034       0x10 zephyr/drivers/gpio/libdrivers__gpio.a(gpio_esp32.c.obj)
 .data.gpio_config_0
                0x000000003ffb0044       0x10 zephyr/drivers/gpio/libdrivers__gpio.a(gpio_esp32.c.obj)
 .data.uart_esp32_data_0
                0x000000003ffb0054        0xc zephyr/drivers/serial/libdrivers__serial.a(uart_esp32.c.obj)
 .data.timeout_list
                0x000000003ffb0060        0x8 zephyr/kernel/libkernel.a(timeout.c.obj)
 *(SORT_BY_ALIGNMENT(.gnu.linkonce.d.*))
 *(SORT_BY_ALIGNMENT(.data1))
 *(SORT_BY_ALIGNMENT(.sdata))
 *(SORT_BY_ALIGNMENT(.sdata.*))
 *(SORT_BY_ALIGNMENT(.gnu.linkonce.s.*))
 *(SORT_BY_ALIGNMENT(.sdata2))
 *(SORT_BY_ALIGNMENT(.sdata2.*))
 *(SORT_BY_ALIGNMENT(.gnu.linkonce.s2.*))
 *libarch__xtensa__core.a:(SORT_BY_ALIGNMENT(.rodata) SORT_BY_ALIGNMENT(.rodata.*))
 .rodata.CSWTCH$3
                0x000000003ffb0068      0x104 zephyr/arch/arch/xtensa/core/libarch__xtensa__core.a(fatal.c.obj)
 .rodata.xtensa_exccause.str1.1
                0x000000003ffb016c       0x11 zephyr/arch/arch/xtensa/core/libarch__xtensa__core.a(fatal.c.obj)
 .rodata.str1.1
                0x000000003ffb017d      0x1c9 zephyr/arch/arch/xtensa/core/libarch__xtensa__core.a(fatal.c.obj)
 .rodata.z_irq_spurious.str1.1
                0x000000003ffb0346       0x2d zephyr/arch/arch/xtensa/core/libarch__xtensa__core.a(irq_manage.c.obj)
 .rodata.xtensa_dump_stack.str1.1
                0x000000003ffb0373       0xa9 zephyr/arch/arch/xtensa/core/libarch__xtensa__core.a(vector_handlers.c.obj)
 .rodata.xtensa_excint1_c.str1.1
                0x000000003ffb041c       0xae zephyr/arch/arch/xtensa/core/libarch__xtensa__core.a(vector_handlers.c.obj)
                                         0xaf (size before relaxing)
 .rodata.xtensa_backtrace_print.str1.1
                0x000000003ffb04ca       0x3f zephyr/arch/arch/xtensa/core/libarch__xtensa__core.a(xtensa_backtrace.c.obj)
 *libkernel.a:fatal.*(SORT_BY_ALIGNMENT(.rodata) SORT_BY_ALIGNMENT(.rodata.*))
 *fill*         0x000000003ffb0509        0x3 
 .rodata.CSWTCH$403
                0x000000003ffb050c       0x14 zephyr/kernel/libkernel.a(fatal.c.obj)
 .rodata.k_sys_fatal_error_handler.str1.1
                0x000000003ffb0520        0xf zephyr/kernel/libkernel.a(fatal.c.obj)
 .rodata.z_fatal_error.str1.1
                0x000000003ffb052f       0x56 zephyr/kernel/libkernel.a(fatal.c.obj)
 .rodata.str1.1
                0x000000003ffb0585       0x4a zephyr/kernel/libkernel.a(fatal.c.obj)
 *libkernel.a:init.*(SORT_BY_ALIGNMENT(.rodata) SORT_BY_ALIGNMENT(.rodata.*))
 *fill*         0x000000003ffb05cf        0x1 
 .rodata.levels$0
                0x000000003ffb05d0       0x18 zephyr/kernel/libkernel.a(init.c.obj)
 .rodata.z_cstart.str1.1
                0x000000003ffb05e8        0x5 zephyr/kernel/libkernel.a(init.c.obj)
 .rodata.str1.1
                0x000000003ffb05ed        0x3 zephyr/kernel/libkernel.a(init.c.obj)
 *libzephyr.a:cbprintf_complete*(SORT_BY_ALIGNMENT(.rodata) SORT_BY_ALIGNMENT(.rodata.*))
 *libzephyr.a:log_core.*(SORT_BY_ALIGNMENT(.rodata) SORT_BY_ALIGNMENT(.rodata.*))
 .rodata.mpsc_config
                0x000000003ffb05f0       0x14 zephyr/libzephyr.a(log_core.c.obj)
 .rodata.format_table
                0x000000003ffb0604       0x10 zephyr/libzephyr.a(log_core.c.obj)
 .rodata.enable_logger.str1.1
                0x000000003ffb0614        0x8 zephyr/libzephyr.a(log_core.c.obj)
 .rodata.str1.1
                0x000000003ffb061c        0x4 zephyr/libzephyr.a(log_core.c.obj)
 *libzephyr.a:log_backend_uart.*(SORT_BY_ALIGNMENT(.rodata) SORT_BY_ALIGNMENT(.rodata.*))
 .rodata.lbu_cb_ctx
                0x000000003ffb0620        0x8 zephyr/libzephyr.a(log_backend_uart.c.obj)
 .rodata.lbu_output
                0x000000003ffb0628       0x10 zephyr/libzephyr.a(log_backend_uart.c.obj)
 .rodata.log_backend_uart_api
                0x000000003ffb0638       0x1c zephyr/libzephyr.a(log_backend_uart.c.obj)
                0x000000003ffb0638                log_backend_uart_api
 .rodata.str1.1
                0x000000003ffb0654       0x1a zephyr/libzephyr.a(log_backend_uart.c.obj)
 *libzephyr.a:log_output.*(SORT_BY_ALIGNMENT(.rodata) SORT_BY_ALIGNMENT(.rodata.*))
 *fill*         0x000000003ffb066e        0x2 
 .rodata.colors
                0x000000003ffb0670       0x14 zephyr/libzephyr.a(log_output.c.obj)
 .rodata.severity
                0x000000003ffb0684       0x14 zephyr/libzephyr.a(log_output.c.obj)
 .rodata.newline_print.str1.1
                0x000000003ffb0698        0x4 zephyr/libzephyr.a(log_output.c.obj)
                                          0x5 (size before relaxing)
 .rodata.log_output_process.str1.1
                0x000000003ffb0698       0x4c zephyr/libzephyr.a(log_output.c.obj)
                                         0x51 (size before relaxing)
 .rodata.log_output_dropped_process.str1.1
                0x000000003ffb06e4       0x4c zephyr/libzephyr.a(log_output.c.obj)
                                          0x3 (size before relaxing)
 .rodata.postfix$0
                0x000000003ffb06e4       0x1c zephyr/libzephyr.a(log_output.c.obj)
 .rodata.prefix$1
                0x000000003ffb0700        0xc zephyr/libzephyr.a(log_output.c.obj)
 .rodata.str1.1
                0x000000003ffb070c       0x20 zephyr/libzephyr.a(log_output.c.obj)
 *libzephyr.a:loader.*(SORT_BY_ALIGNMENT(.rodata) SORT_BY_ALIGNMENT(.rodata.*))
 *libdrivers__flash.a:flash_esp32.*(SORT_BY_ALIGNMENT(.rodata) SORT_BY_ALIGNMENT(.rodata.*))
 *libzephyr.a:spi_flash_rom_patch.*(SORT_BY_ALIGNMENT(.rodata) SORT_BY_ALIGNMENT(.rodata.*))
 *libdrivers__serial.a:uart_esp32.*(SORT_BY_ALIGNMENT(.rodata) SORT_BY_ALIGNMENT(.rodata.*))
 .rodata.__pinctrl_dev_config__device_dts_ord_65
                0x000000003ffb072c        0x8 zephyr/drivers/serial/libdrivers__serial.a(uart_esp32.c.obj)
 .rodata.__pinctrl_states__device_dts_ord_65
                0x000000003ffb0734        0x8 zephyr/drivers/serial/libdrivers__serial.a(uart_esp32.c.obj)
 .rodata.__pinctrl_state_pins_0__device_dts_ord_65
                0x000000003ffb073c       0x10 zephyr/drivers/serial/libdrivers__serial.a(uart_esp32.c.obj)
 .rodata.uart_esp32_init.str1.1
                0x000000003ffb074c       0x1c zephyr/drivers/serial/libdrivers__serial.a(uart_esp32.c.obj)
 .rodata.str1.1
                0x000000003ffb0768       0x19 zephyr/drivers/serial/libdrivers__serial.a(uart_esp32.c.obj)
 *(SORT_BY_ALIGNMENT(.jcr))
 *(SORT_BY_ALIGNMENT(.dram1) SORT_BY_ALIGNMENT(.dram1.*))
 *fill*         0x000000003ffb0781        0x3 
 .dram1.5       0x000000003ffb0784       0x14 zephyr/drivers/serial/libdrivers__serial.a(uart_esp32.c.obj)
 .dram1.4       0x000000003ffb0798       0x14 zephyr/drivers/serial/libdrivers__serial.a(uart_esp32.c.obj)
                0x000000003ffb07ac                . = ALIGN (0x4)

sw_isr_table    0x000000003ffb07ac      0x100 load address 0x00000000000019a8
                0x000000003ffb07ac                . = ALIGN (0x4)
 *(SORT_BY_ALIGNMENT(.gnu.linkonce.sw_isr_table*))
 .gnu.linkonce.sw_isr_table
                0x000000003ffb07ac      0x100 zephyr/arch/common/libisr_tables.a(isr_tables.c.obj)
                0x000000003ffb07ac                _sw_isr_table

device_states   0x000000003ffb08ac        0xa load address 0x0000000000001aa8
                0x000000003ffb08ac                __device_states_start = .
 *(SORT_BY_ALIGNMENT(.z_devstate))
 .z_devstate    0x000000003ffb08ac        0x2 zephyr/drivers/clock_control/libdrivers__clock_control.a(clock_control_esp32.c.obj)
 .z_devstate    0x000000003ffb08ae        0x2 zephyr/drivers/entropy/libdrivers__entropy.a(entropy_esp32.c.obj)
 .z_devstate    0x000000003ffb08b0        0x4 zephyr/drivers/gpio/libdrivers__gpio.a(gpio_esp32.c.obj)
 .z_devstate    0x000000003ffb08b4        0x2 zephyr/drivers/serial/libdrivers__serial.a(uart_esp32.c.obj)
 *(SORT_BY_ALIGNMENT(.z_devstate.*))
                0x000000003ffb08b6                __device_states_end = .

log_mpsc_pbuf_area
                0x000000003ffb08b8       0x38 load address 0x0000000000001ab4
                0x000000003ffb08b8                _log_mpsc_pbuf_list_start = .
 *(SORT_BY_NAME(SORT_BY_ALIGNMENT(._log_mpsc_pbuf.static.*)))
 ._log_mpsc_pbuf.static.log_buffer_
                0x000000003ffb08b8       0x38 zephyr/libzephyr.a(log_core.c.obj)
                0x000000003ffb08f0                _log_mpsc_pbuf_list_end = .

log_msg_ptr_area
                0x000000003ffb08f0        0x4 load address 0x0000000000001aec
                0x000000003ffb08f0                _log_msg_ptr_list_start = .
 *(SORT_BY_NAME(SORT_BY_ALIGNMENT(._log_msg_ptr.static.*)))
 ._log_msg_ptr.static.log_msg_ptr_
                0x000000003ffb08f0        0x4 zephyr/libzephyr.a(log_core.c.obj)
                0x000000003ffb08f4                _log_msg_ptr_list_end = .

log_dynamic_area
                0x000000003ffb08f4        0x0 load address 0x0000000000001af0
                0x000000003ffb08f4                _log_dynamic_list_start = .
 *(SORT_BY_NAME(SORT_BY_ALIGNMENT(._log_dynamic.static.*)))
                0x000000003ffb08f4                _log_dynamic_list_end = .

k_timer_area    0x000000003ffb08f4        0x0 load address 0x0000000000001af0
                0x000000003ffb08f4                _k_timer_list_start = .
 *(SORT_BY_NAME(SORT_BY_ALIGNMENT(._k_timer.static.*)))
                0x000000003ffb08f4                _k_timer_list_end = .

k_mem_slab_area
                0x000000003ffb08f4        0x0 load address 0x0000000000001af0
                0x000000003ffb08f4                _k_mem_slab_list_start = .
 *(SORT_BY_NAME(SORT_BY_ALIGNMENT(._k_mem_slab.static.*)))
                0x000000003ffb08f4                _k_mem_slab_list_end = .

k_heap_area     0x000000003ffb08f4       0x14 load address 0x0000000000001af0
                0x000000003ffb08f4                _k_heap_list_start = .
 *(SORT_BY_NAME(SORT_BY_ALIGNMENT(._k_heap.static.*)))
 ._k_heap.static._system_heap_
                0x000000003ffb08f4       0x14 zephyr/kernel/libkernel.a(mempool.c.obj)
                0x000000003ffb08f4                _system_heap
                0x000000003ffb0908                _k_heap_list_end = .

k_mutex_area    0x000000003ffb0908        0x0 load address 0x0000000000001b04
                0x000000003ffb0908                _k_mutex_list_start = .
 *(SORT_BY_NAME(SORT_BY_ALIGNMENT(._k_mutex.static.*)))
                0x000000003ffb0908                _k_mutex_list_end = .

k_stack_area    0x000000003ffb0908        0x0 load address 0x0000000000001b04
                0x000000003ffb0908                _k_stack_list_start = .
 *(SORT_BY_NAME(SORT_BY_ALIGNMENT(._k_stack.static.*)))
                0x000000003ffb0908                _k_stack_list_end = .

k_msgq_area     0x000000003ffb0908        0x0 load address 0x0000000000001b04
                0x000000003ffb0908                _k_msgq_list_start = .
 *(SORT_BY_NAME(SORT_BY_ALIGNMENT(._k_msgq.static.*)))
                0x000000003ffb0908                _k_msgq_list_end = .

k_mbox_area     0x000000003ffb0908        0x0 load address 0x0000000000001b04
                0x000000003ffb0908                _k_mbox_list_start = .
 *(SORT_BY_NAME(SORT_BY_ALIGNMENT(._k_mbox.static.*)))
                0x000000003ffb0908                _k_mbox_list_end = .

k_pipe_area     0x000000003ffb0908        0x0 load address 0x0000000000001b04
                0x000000003ffb0908                _k_pipe_list_start = .
 *(SORT_BY_NAME(SORT_BY_ALIGNMENT(._k_pipe.static.*)))
                0x000000003ffb0908                _k_pipe_list_end = .

k_sem_area      0x000000003ffb0908       0x10 load address 0x0000000000001b04
                0x000000003ffb0908                _k_sem_list_start = .
 *(SORT_BY_NAME(SORT_BY_ALIGNMENT(._k_sem.static.*)))
 ._k_sem.static.log_process_thread_sem_
                0x000000003ffb0908       0x10 zephyr/libzephyr.a(log_core.c.obj)
                0x000000003ffb0908                log_process_thread_sem
                0x000000003ffb0918                _k_sem_list_end = .

k_event_area    0x000000003ffb0918        0x0 load address 0x0000000000001b14
                0x000000003ffb0918                _k_event_list_start = .
 *(SORT_BY_NAME(SORT_BY_ALIGNMENT(._k_event.static.*)))
                0x000000003ffb0918                _k_event_list_end = .

k_queue_area    0x000000003ffb0918        0x0 load address 0x0000000000001b14
                0x000000003ffb0918                _k_queue_list_start = .
 *(SORT_BY_NAME(SORT_BY_ALIGNMENT(._k_queue.static.*)))
                0x000000003ffb0918                _k_queue_list_end = .

k_fifo_area     0x000000003ffb0918        0x0 load address 0x0000000000001b14
                0x000000003ffb0918                _k_fifo_list_start = .
 *(SORT_BY_NAME(SORT_BY_ALIGNMENT(._k_fifo.static.*)))
                0x000000003ffb0918                _k_fifo_list_end = .

k_lifo_area     0x000000003ffb0918        0x0 load address 0x0000000000001b14
                0x000000003ffb0918                _k_lifo_list_start = .
 *(SORT_BY_NAME(SORT_BY_ALIGNMENT(._k_lifo.static.*)))
                0x000000003ffb0918                _k_lifo_list_end = .

k_condvar_area  0x000000003ffb0918        0x0 load address 0x0000000000001b14
                0x000000003ffb0918                _k_condvar_list_start = .
 *(SORT_BY_NAME(SORT_BY_ALIGNMENT(._k_condvar.static.*)))
                0x000000003ffb0918                _k_condvar_list_end = .

sys_mem_blocks_ptr_area
                0x000000003ffb0918        0x0 load address 0x0000000000001b14
                0x000000003ffb0918                _sys_mem_blocks_ptr_list_start = .
 *(SORT_BY_NAME(SORT_BY_ALIGNMENT(._sys_mem_blocks_ptr.static.*)))
                0x000000003ffb0918                _sys_mem_blocks_ptr_list_end = .

net_buf_pool_area
                0x000000003ffb0918        0x0 load address 0x0000000000001b14
                0x000000003ffb0918                _net_buf_pool_list_start = .
 *(SORT_BY_NAME(SORT_BY_ALIGNMENT(._net_buf_pool.static.*)))
                0x000000003ffb0918                _net_buf_pool_list_end = .

log_strings_area
                0x000000003ffb0918        0x0 load address 0x0000000000001b14
                0x000000003ffb0918                _log_strings_list_start = .
 *(SORT_BY_NAME(SORT_BY_ALIGNMENT(._log_strings.static.*)))
                0x000000003ffb0918                _log_strings_list_end = .

log_const_area  0x000000003ffb0918       0x50 load address 0x0000000000001b14
                0x000000003ffb0918                _log_const_list_start = .
 *(SORT_BY_NAME(SORT_BY_ALIGNMENT(._log_const.static.*)))
 ._log_const.static.log_const_cbprintf_package_
                0x000000003ffb0918        0x8 zephyr/libzephyr.a(cbprintf_packaged.c.obj)
                0x000000003ffb0918                log_const_cbprintf_package
 ._log_const.static.log_const_esp32_intc_
                0x000000003ffb0920        0x8 zephyr/drivers/interrupt_controller/libdrivers__interrupt_controller.a(intc_esp32.c.obj)
                0x000000003ffb0920                log_const_esp32_intc
 ._log_const.static.log_const_esp_timer_
                0x000000003ffb0928        0x8 zephyr/libzephyr.a(esp_timer.c.obj)
                0x000000003ffb0928                log_const_esp_timer
 ._log_const.static.log_const_gpio_esp32_
                0x000000003ffb0930        0x8 zephyr/drivers/gpio/libdrivers__gpio.a(gpio_esp32.c.obj)
                0x000000003ffb0930                log_const_gpio_esp32
 ._log_const.static.log_const_log_
                0x000000003ffb0938        0x8 zephyr/libzephyr.a(log_core.c.obj)
                0x000000003ffb0938                log_const_log
 ._log_const.static.log_const_log_mgmt_
                0x000000003ffb0940        0x8 zephyr/libzephyr.a(log_mgmt.c.obj)
                0x000000003ffb0940                log_const_log_mgmt
 ._log_const.static.log_const_log_uart_
                0x000000003ffb0948        0x8 zephyr/libzephyr.a(log_backend_uart.c.obj)
                0x000000003ffb0948                log_const_log_uart
 ._log_const.static.log_const_main_
                0x000000003ffb0950        0x8 app/libapp.a(main.c.obj)
                0x000000003ffb0950                log_const_main
 ._log_const.static.log_const_os_
                0x000000003ffb0958        0x8 zephyr/kernel/libkernel.a(init.c.obj)
                0x000000003ffb0958                log_const_os
 ._log_const.static.log_const_uart_esp32_
                0x000000003ffb0960        0x8 zephyr/drivers/serial/libdrivers__serial.a(uart_esp32.c.obj)
                0x000000003ffb0960                log_const_uart_esp32
                0x000000003ffb0968                _log_const_list_end = .

log_backend_area
                0x000000003ffb0968       0x10 load address 0x0000000000001b64
                0x000000003ffb0968                _log_backend_list_start = .
 *(SORT_BY_NAME(SORT_BY_ALIGNMENT(._log_backend.static.*)))
 ._log_backend.static.log_backend_uart_
                0x000000003ffb0968       0x10 zephyr/libzephyr.a(log_backend_uart.c.obj)
                0x000000003ffb0978                _log_backend_list_end = .

log_link_area   0x000000003ffb0978        0x0 load address 0x0000000000001b74
                0x000000003ffb0978                _log_link_list_start = .
 *(SORT_BY_NAME(SORT_BY_ALIGNMENT(._log_link.static.*)))
                0x000000003ffb0978                _log_link_list_end = .

.dram0.end      0x000000003ffb0978        0x0 load address 0x0000000000001b74
                0x000000003ffb0978                . = ALIGN (0x4)
                0x000000003ffb0978                . = ALIGN (0x4)
                0x000000003ffb2168                _end = ABSOLUTE (.)
                0x000000003ffb0978                __data_end = ABSOLUTE (.)
                0x0000000000001b74                _image_iram_start = LOADADDR (.iram0.vectors)
                0x000000000000411c                _image_iram_size = ((LOADADDR (text) + SIZEOF (text)) - _image_iram_start)
                0x0000000040080000                _image_iram_vaddr = ADDR (.iram0.vectors)

.iram0.vectors  0x0000000040080000      0x400 load address 0x0000000000001b74
                0x0000000040080000                _init_start = ABSOLUTE (.)
                0x0000000000000000                . = 0x0
 *(SORT_BY_ALIGNMENT(.WindowVectors.text))
 .WindowVectors.text
                0x0000000040080000      0x16a zephyr/arch/arch/xtensa/core/libarch__xtensa__core.a(window_vectors.S.obj)
                0x0000000040080000                _WindowOverflow4
                0x0000000040080040                _WindowUnderflow4
                0x0000000040080050                _xt_alloca_exc
                0x0000000040080080                _WindowOverflow8
                0x00000000400800c0                _WindowUnderflow8
                0x0000000040080100                _WindowOverflow12
                0x0000000040080140                _WindowUnderflow12
                0x0000000000000180                . = 0x180
 *fill*         0x000000004008016a       0x16 
 *(SORT_BY_ALIGNMENT(.Level2InterruptVector.text))
 .Level2InterruptVector.text
                0x0000000040080180       0x29 zephyr/arch/arch/xtensa/core/libarch__xtensa__core.a(xtensa_asm2_util.S.obj)
                0x0000000040080180                _Level2Vector
                0x00000000000001c0                . = 0x1c0
 *fill*         0x00000000400801a9       0x17 
 *(SORT_BY_ALIGNMENT(.Level3InterruptVector.text))
 .Level3InterruptVector.text
                0x00000000400801c0       0x25 zephyr/arch/arch/xtensa/core/libarch__xtensa__core.a(xtensa_asm2_util.S.obj)
                                         0x29 (size before relaxing)
                0x00000000400801c0                _Level3Vector
                0x0000000000000200                . = 0x200
 *fill*         0x00000000400801e5       0x1b 
 *(SORT_BY_ALIGNMENT(.Level4InterruptVector.text))
 .Level4InterruptVector.text
                0x0000000040080200       0x25 zephyr/arch/arch/xtensa/core/libarch__xtensa__core.a(xtensa_asm2_util.S.obj)
                                         0x29 (size before relaxing)
                0x0000000040080200                _Level4Vector
                0x0000000000000240                . = 0x240
 *fill*         0x0000000040080225       0x1b 
 *(SORT_BY_ALIGNMENT(.Level5InterruptVector.text))
 .Level5InterruptVector.text
                0x0000000040080240       0x25 zephyr/arch/arch/xtensa/core/libarch__xtensa__core.a(xtensa_asm2_util.S.obj)
                                         0x29 (size before relaxing)
                0x0000000040080240                _Level5Vector
                0x0000000000000280                . = 0x280
 *fill*         0x0000000040080265       0x1b 
 *(SORT_BY_ALIGNMENT(.DebugExceptionVector.text))
 .DebugExceptionVector.text
                0x0000000040080280       0x25 zephyr/arch/arch/xtensa/core/libarch__xtensa__core.a(xtensa_asm2_util.S.obj)
                                         0x29 (size before relaxing)
                0x0000000040080280                _Level6Vector
                0x00000000000002c0                . = 0x2c0
 *fill*         0x00000000400802a5       0x1b 
 *(SORT_BY_ALIGNMENT(.NMIExceptionVector.text))
 .NMIExceptionVector.text
                0x00000000400802c0       0x25 zephyr/arch/arch/xtensa/core/libarch__xtensa__core.a(xtensa_asm2_util.S.obj)
                                         0x29 (size before relaxing)
                0x00000000400802c0                _Level7Vector
                0x0000000000000300                . = 0x300
 *fill*         0x00000000400802e5       0x1b 
 *(SORT_BY_ALIGNMENT(.KernelExceptionVector.text))
 .KernelExceptionVector.text
                0x0000000040080300        0x3 zephyr/arch/arch/xtensa/core/libarch__xtensa__core.a(xtensa_asm2_util.S.obj)
                0x0000000040080300                _KernelExceptionVector
                0x0000000000000340                . = 0x340
 *fill*         0x0000000040080303       0x3d 
 *(SORT_BY_ALIGNMENT(.UserExceptionVector.text))
 .UserExceptionVector.text
                0x0000000040080340       0x16 zephyr/arch/arch/xtensa/core/libarch__xtensa__core.a(xtensa_asm2_util.S.obj)
                0x0000000040080340                _Level1RealVector
                0x00000000000003c0                . = 0x3c0
 *fill*         0x0000000040080356       0x6a 
 *(SORT_BY_ALIGNMENT(.DoubleExceptionVector.text))
 .DoubleExceptionVector.text
                0x00000000400803c0        0x6 zephyr/arch/arch/xtensa/core/libarch__xtensa__core.a(xtensa_asm2_util.S.obj)
                0x00000000400803c0                _DoubleExceptionVector
                0x0000000000000400                . = 0x400
 *fill*         0x00000000400803c6       0x3a 
 *(SORT_BY_ALIGNMENT(.*Vector.literal))
 *(SORT_BY_ALIGNMENT(.UserEnter.literal))
 *(SORT_BY_ALIGNMENT(.UserEnter.text))
                0x0000000040080400                . = ALIGN (0x10)
 *(SORT_BY_ALIGNMENT(.entry.text))
 *(SORT_BY_ALIGNMENT(.init.literal))
 *(.init)
                0x0000000040080400                _init_end = ABSOLUTE (.)
                0x0000000000000000                _iram_start = ABSOLUTE (0x0)

text            0x0000000040080400     0x3d1c load address 0x0000000000001f74
                0x0000000040080400                _iram_text_start = ABSOLUTE (.)
 *(SORT_BY_ALIGNMENT(.iram1) SORT_BY_ALIGNMENT(.iram1.*))
 .iram1.literal
                0x0000000040080400       0x10 zephyr/libzephyr.a(soc.c.obj)
                                         0x34 (size before relaxing)
 .iram1.11.literal
                0x0000000040080410        0x4 zephyr/libzephyr.a(soc.c.obj)
                                          0x8 (size before relaxing)
 .iram1.2.literal
                0x0000000040080414        0x8 zephyr/libzephyr.a(esp_clk.c.obj)
 .iram1.3.literal
                0x000000004008041c        0x4 zephyr/libzephyr.a(esp_clk.c.obj)
                                          0xc (size before relaxing)
 .iram1.5.literal
                0x0000000040080420        0x0 zephyr/libzephyr.a(esp_clk.c.obj)
                                          0x4 (size before relaxing)
 .iram1.2.literal
                0x0000000040080420        0x8 zephyr/libzephyr.a(regi2c_ctrl.c.obj)
 .iram1.1.literal
                0x0000000040080428        0x4 zephyr/libzephyr.a(reset_reason.c.obj)
 .iram1.3.literal
                0x000000004008042c       0x1c zephyr/arch/arch/xtensa/core/libarch__xtensa__core.a(xtensa_backtrace.c.obj)
 .iram1.literal
                0x0000000040080448        0x0 zephyr/arch/arch/xtensa/core/libarch__xtensa__core.a(debug_helpers_asm.S.obj)
                                          0x4 (size before relaxing)
 .iram1.5.literal
                0x0000000040080448        0x0 zephyr/drivers/interrupt_controller/libdrivers__interrupt_controller.a(intc_esp32.c.obj)
                                          0x8 (size before relaxing)
 .iram1.8.literal
                0x0000000040080448        0x4 zephyr/drivers/interrupt_controller/libdrivers__interrupt_controller.a(intc_esp32.c.obj)
                                         0x18 (size before relaxing)
 .iram1.4.literal
                0x000000004008044c        0x8 zephyr/drivers/gpio/libdrivers__gpio.a(gpio_esp32.c.obj)
                                         0x10 (size before relaxing)
 .literal.arch_cpu_idle
                0x0000000040080454        0x0 zephyr/arch/arch/xtensa/core/libarch__xtensa__core.a(cpu_idle.c.obj)
                                          0x4 (size before relaxing)
 .literal.xtensa_exccause
                0x0000000040080454        0x8 zephyr/arch/arch/xtensa/core/libarch__xtensa__core.a(fatal.c.obj)
 .literal.xtensa_fatal_error
                0x000000004008045c        0x0 zephyr/arch/arch/xtensa/core/libarch__xtensa__core.a(fatal.c.obj)
                                          0xc (size before relaxing)
 .literal       0x000000004008045c        0x4 zephyr/arch/arch/xtensa/core/libarch__xtensa__core.a(xtensa_asm2_util.S.obj)
                                          0x8 (size before relaxing)
 .literal.z_irq_spurious
                0x0000000040080460        0x8 zephyr/arch/arch/xtensa/core/libarch__xtensa__core.a(irq_manage.c.obj)
                                         0x10 (size before relaxing)
 .literal.arch_new_thread
                0x0000000040080468        0xc zephyr/arch/arch/xtensa/core/libarch__xtensa__core.a(thread.c.obj)
 .literal.return_to
                0x0000000040080474        0x0 zephyr/arch/arch/xtensa/core/libarch__xtensa__core.a(vector_handlers.c.obj)
                                          0x8 (size before relaxing)
 .literal.z_log_msg_static_create$constprop$0
                0x0000000040080474        0x0 zephyr/arch/arch/xtensa/core/libarch__xtensa__core.a(vector_handlers.c.obj)
                                          0x4 (size before relaxing)
 .literal.xtensa_dump_stack
                0x0000000040080474       0x18 zephyr/arch/arch/xtensa/core/libarch__xtensa__core.a(vector_handlers.c.obj)
                                         0x34 (size before relaxing)
 .literal.xtensa_int2_c
                0x000000004008048c        0x4 zephyr/arch/arch/xtensa/core/libarch__xtensa__core.a(vector_handlers.c.obj)
                                          0x8 (size before relaxing)
 .literal.xtensa_int3_c
                0x0000000040080490        0x4 zephyr/arch/arch/xtensa/core/libarch__xtensa__core.a(vector_handlers.c.obj)
                                          0xc (size before relaxing)
 .literal.xtensa_int4_c
                0x0000000040080494        0x0 zephyr/arch/arch/xtensa/core/libarch__xtensa__core.a(vector_handlers.c.obj)
                                          0x8 (size before relaxing)
 .literal.xtensa_int5_c
                0x0000000040080494        0x0 zephyr/arch/arch/xtensa/core/libarch__xtensa__core.a(vector_handlers.c.obj)
                                          0x8 (size before relaxing)
 .literal.xtensa_int6_c
                0x0000000040080494        0x0 zephyr/arch/arch/xtensa/core/libarch__xtensa__core.a(vector_handlers.c.obj)
                                          0x4 (size before relaxing)
 .literal.xtensa_int7_c
                0x0000000040080494        0x0 zephyr/arch/arch/xtensa/core/libarch__xtensa__core.a(vector_handlers.c.obj)
                                          0x8 (size before relaxing)
 .literal.xtensa_excint1_c
                0x0000000040080494       0x2c zephyr/arch/arch/xtensa/core/libarch__xtensa__core.a(vector_handlers.c.obj)
                                         0x60 (size before relaxing)
 .literal.xtensa_cpu_process_stack_pc
                0x00000000400804c0        0xc zephyr/arch/arch/xtensa/core/libarch__xtensa__core.a(xtensa_backtrace.c.obj)
 .literal.xtensa_backtrace_get_next_frame
                0x00000000400804cc        0x8 zephyr/arch/arch/xtensa/core/libarch__xtensa__core.a(xtensa_backtrace.c.obj)
                                         0x10 (size before relaxing)
 .literal.xtensa_backtrace_print
                0x00000000400804d4       0x14 zephyr/arch/arch/xtensa/core/libarch__xtensa__core.a(xtensa_backtrace.c.obj)
                                         0x54 (size before relaxing)
 .literal.z_impl_k_busy_wait
                0x00000000400804e8        0x0 zephyr/kernel/libkernel.a(busy_wait.c.obj)
                                          0x8 (size before relaxing)
 .literal.k_sys_fatal_error_handler
                0x00000000400804e8        0x4 zephyr/kernel/libkernel.a(fatal.c.obj)
                                         0x14 (size before relaxing)
 .literal.z_fatal_error
                0x00000000400804ec       0x18 zephyr/kernel/libkernel.a(fatal.c.obj)
                                         0x38 (size before relaxing)
 .literal.z_sys_init_run_level
                0x0000000040080504        0x4 zephyr/kernel/libkernel.a(init.c.obj)
 .literal.bg_thread_main
                0x0000000040080508        0x8 zephyr/kernel/libkernel.a(init.c.obj)
                                         0x1c (size before relaxing)
 .literal.z_early_memset
                0x0000000040080510        0x0 zephyr/kernel/libkernel.a(init.c.obj)
                                          0x4 (size before relaxing)
 .literal.z_bss_zero
                0x0000000040080510        0x8 zephyr/kernel/libkernel.a(init.c.obj)
                                          0xc (size before relaxing)
 .literal.z_init_cpu
                0x0000000040080518       0x14 zephyr/kernel/libkernel.a(init.c.obj)
                                         0x1c (size before relaxing)
 .literal.z_cstart
                0x000000004008052c        0xc zephyr/kernel/libkernel.a(init.c.obj)
                                         0x48 (size before relaxing)
 .literal.z_impl_k_thread_start
                0x0000000040080538        0x0 zephyr/kernel/libkernel.a(thread.c.obj)
                                          0x4 (size before relaxing)
 .literal.z_setup_new_thread
                0x0000000040080538        0x0 zephyr/kernel/libkernel.a(thread.c.obj)
                                          0x8 (size before relaxing)
 .literal.z_impl_k_thread_create
                0x0000000040080538        0x4 zephyr/kernel/libkernel.a(thread.c.obj)
                                         0x10 (size before relaxing)
 .literal.z_init_static_threads
                0x000000004008053c        0x4 zephyr/kernel/libkernel.a(thread.c.obj)
                                         0x20 (size before relaxing)
 .literal.sliceable
                0x0000000040080540        0x8 zephyr/kernel/libkernel.a(sched.c.obj)
                                          0xc (size before relaxing)
 .literal.slice_timeout
                0x0000000040080548        0xc zephyr/kernel/libkernel.a(sched.c.obj)
 .literal.unpend_thread_no_timeout
                0x0000000040080554        0x0 zephyr/kernel/libkernel.a(sched.c.obj)
                                          0x4 (size before relaxing)
 .literal.z_reset_time_slice
                0x0000000040080554        0x4 zephyr/kernel/libkernel.a(sched.c.obj)
                                         0x20 (size before relaxing)
 .literal.z_swap_irqlock
                0x0000000040080558        0x0 zephyr/kernel/libkernel.a(sched.c.obj)
                                          0xc (size before relaxing)
 .literal.z_swap
                0x0000000040080558        0x4 zephyr/kernel/libkernel.a(sched.c.obj)
                                         0x10 (size before relaxing)
 .literal.update_cache
                0x000000004008055c        0x4 zephyr/kernel/libkernel.a(sched.c.obj)
                                          0xc (size before relaxing)
 .literal.move_thread_to_end_of_prio_q
                0x0000000040080560        0x0 zephyr/kernel/libkernel.a(sched.c.obj)
                                         0x10 (size before relaxing)
 .literal.ready_thread
                0x0000000040080560        0x0 zephyr/kernel/libkernel.a(sched.c.obj)
                                          0xc (size before relaxing)
 .literal.unready_thread
                0x0000000040080560        0x0 zephyr/kernel/libkernel.a(sched.c.obj)
                                          0xc (size before relaxing)
 .literal.add_to_waitq_locked
                0x0000000040080560        0x0 zephyr/kernel/libkernel.a(sched.c.obj)
                                          0x4 (size before relaxing)
 .literal.pend_locked
                0x0000000040080560        0x0 zephyr/kernel/libkernel.a(sched.c.obj)
                                          0xc (size before relaxing)
 .literal.z_thread_halt
                0x0000000040080560        0x0 zephyr/kernel/libkernel.a(sched.c.obj)
                                         0x28 (size before relaxing)
 .literal.z_time_slice
                0x0000000040080560        0x0 zephyr/kernel/libkernel.a(sched.c.obj)
                                         0x14 (size before relaxing)
 .literal.z_ready_thread
                0x0000000040080560        0x0 zephyr/kernel/libkernel.a(sched.c.obj)
                                          0x4 (size before relaxing)
 .literal.z_impl_k_thread_suspend
                0x0000000040080560        0x0 zephyr/kernel/libkernel.a(sched.c.obj)
                                          0x8 (size before relaxing)
 .literal.z_unpend_thread_no_timeout
                0x0000000040080560        0x0 zephyr/kernel/libkernel.a(sched.c.obj)
                                          0x4 (size before relaxing)
 .literal.z_sched_wake_thread
                0x0000000040080560        0x0 zephyr/kernel/libkernel.a(sched.c.obj)
                                          0x8 (size before relaxing)
 .literal.z_thread_timeout
                0x0000000040080560        0x0 zephyr/kernel/libkernel.a(sched.c.obj)
                                          0x4 (size before relaxing)
 .literal.z_pend_curr
                0x0000000040080560        0x0 zephyr/kernel/libkernel.a(sched.c.obj)
                                         0x10 (size before relaxing)
 .literal.z_unpend1_no_timeout
                0x0000000040080560        0x0 zephyr/kernel/libkernel.a(sched.c.obj)
                                          0x4 (size before relaxing)
 .literal.z_unpend_first_thread
                0x0000000040080560        0x0 zephyr/kernel/libkernel.a(sched.c.obj)
                                          0x8 (size before relaxing)
 .literal.z_unpend_thread
                0x0000000040080560        0x0 zephyr/kernel/libkernel.a(sched.c.obj)
                                          0x8 (size before relaxing)
 .literal.z_reschedule
                0x0000000040080560        0x0 zephyr/kernel/libkernel.a(sched.c.obj)
                                          0x8 (size before relaxing)
 .literal.z_sched_start
                0x0000000040080560        0x0 zephyr/kernel/libkernel.a(sched.c.obj)
                                          0xc (size before relaxing)
 .literal.z_reschedule_irqlock
                0x0000000040080560        0x0 zephyr/kernel/libkernel.a(sched.c.obj)
                                          0x8 (size before relaxing)
 .literal.k_sched_lock
                0x0000000040080560        0x0 zephyr/kernel/libkernel.a(sched.c.obj)
                                          0x4 (size before relaxing)
 .literal.k_sched_unlock
                0x0000000040080560        0x0 zephyr/kernel/libkernel.a(sched.c.obj)
                                          0xc (size before relaxing)
 .literal.z_swap_next_thread
                0x0000000040080560        0x0 zephyr/kernel/libkernel.a(sched.c.obj)
                                          0x4 (size before relaxing)
 .literal.z_get_next_switch_handle
                0x0000000040080560        0x0 zephyr/kernel/libkernel.a(sched.c.obj)
                                          0x4 (size before relaxing)
 .literal.z_unpend_all
                0x0000000040080560        0x0 zephyr/kernel/libkernel.a(sched.c.obj)
                                          0x8 (size before relaxing)
 .literal.z_sched_init
                0x0000000040080560        0x0 zephyr/kernel/libkernel.a(sched.c.obj)
                                          0x8 (size before relaxing)
 .literal.z_impl_k_yield
                0x0000000040080560        0x0 zephyr/kernel/libkernel.a(sched.c.obj)
                                         0x18 (size before relaxing)
 .literal.z_tick_sleep
                0x0000000040080560        0x0 zephyr/kernel/libkernel.a(sched.c.obj)
                                         0x24 (size before relaxing)
 .literal.z_impl_k_sleep
                0x0000000040080560        0x4 zephyr/kernel/libkernel.a(sched.c.obj)
                                         0x10 (size before relaxing)
 .literal.z_impl_k_sched_current_thread_query
                0x0000000040080564        0x0 zephyr/kernel/libkernel.a(sched.c.obj)
                                          0x4 (size before relaxing)
 .literal.z_thread_abort
                0x0000000040080564        0x0 zephyr/kernel/libkernel.a(sched.c.obj)
                                          0x8 (size before relaxing)
 .literal.z_impl_k_thread_abort
                0x0000000040080564        0x0 zephyr/kernel/libkernel.a(sched.c.obj)
                                          0x4 (size before relaxing)
 .literal.z_sched_wake
                0x0000000040080564        0x0 zephyr/kernel/libkernel.a(sched.c.obj)
                                          0xc (size before relaxing)
 .literal.z_sched_wait
                0x0000000040080564        0x0 zephyr/kernel/libkernel.a(sched.c.obj)
                                          0x8 (size before relaxing)
 .literal.idle  0x0000000040080564        0x0 zephyr/kernel/libkernel.a(idle.c.obj)
                                          0x4 (size before relaxing)
 .literal.z_impl_k_sem_give
                0x0000000040080564        0x4 zephyr/kernel/libkernel.a(sem.c.obj)
                                         0x10 (size before relaxing)
 .literal.z_impl_k_sem_take
                0x0000000040080568        0x0 zephyr/kernel/libkernel.a(sem.c.obj)
                                          0x8 (size before relaxing)
 .literal.notify_queue_locked$isra$0
                0x0000000040080568        0x0 zephyr/kernel/libkernel.a(work.c.obj)
                                          0x4 (size before relaxing)
 .literal.work_queue_main
                0x0000000040080568        0x8 zephyr/kernel/libkernel.a(work.c.obj)
                                         0x20 (size before relaxing)
 .literal.submit_to_queue_locked
                0x0000000040080570        0x0 zephyr/kernel/libkernel.a(work.c.obj)
                                          0xc (size before relaxing)
 .literal.z_work_submit_to_queue
                0x0000000040080570        0x0 zephyr/kernel/libkernel.a(work.c.obj)
                                          0x4 (size before relaxing)
 .literal.k_work_submit_to_queue
                0x0000000040080570        0x0 zephyr/kernel/libkernel.a(work.c.obj)
                                          0x8 (size before relaxing)
 .literal.k_work_submit
                0x0000000040080570        0x4 zephyr/kernel/libkernel.a(work.c.obj)
                                          0x8 (size before relaxing)
 .literal.k_work_queue_start
                0x0000000040080574        0x4 zephyr/kernel/libkernel.a(work.c.obj)
                                         0x10 (size before relaxing)
 .literal.elapsed
                0x0000000040080578        0x4 zephyr/kernel/libkernel.a(timeout.c.obj)
                                          0x8 (size before relaxing)
 .literal.next_timeout
                0x000000004008057c        0x8 zephyr/kernel/libkernel.a(timeout.c.obj)
                                         0x10 (size before relaxing)
 .literal.remove_timeout
                0x0000000040080584        0x0 zephyr/kernel/libkernel.a(timeout.c.obj)
                                          0x4 (size before relaxing)
 .literal.z_add_timeout
                0x0000000040080584        0x4 zephyr/kernel/libkernel.a(timeout.c.obj)
                                         0x14 (size before relaxing)
 .literal.z_abort_timeout
                0x0000000040080588        0x0 zephyr/kernel/libkernel.a(timeout.c.obj)
                                          0x4 (size before relaxing)
 .literal.sys_clock_announce
                0x0000000040080588        0x0 zephyr/kernel/libkernel.a(timeout.c.obj)
                                         0x1c (size before relaxing)
 .literal.sys_clock_tick_get
                0x0000000040080588        0x0 zephyr/kernel/libkernel.a(timeout.c.obj)
                                          0x8 (size before relaxing)
 .literal.sys_clock_tick_get_32
                0x0000000040080588        0x0 zephyr/kernel/libkernel.a(timeout.c.obj)
                                          0x4 (size before relaxing)
 .literal.z_impl_k_uptime_ticks
                0x0000000040080588        0x0 zephyr/kernel/libkernel.a(timeout.c.obj)
                                          0x4 (size before relaxing)
 .literal.sys_timepoint_calc
                0x0000000040080588        0x0 zephyr/kernel/libkernel.a(timeout.c.obj)
                                          0x4 (size before relaxing)
 .literal.sys_timepoint_timeout
                0x0000000040080588        0x0 zephyr/kernel/libkernel.a(timeout.c.obj)
                                          0x4 (size before relaxing)
 .literal.z_timer_expiration_handler
                0x0000000040080588        0x4 zephyr/kernel/libkernel.a(timer.c.obj)
                                         0x18 (size before relaxing)
 .literal.z_impl_k_timer_start
                0x000000004008058c        0x0 zephyr/kernel/libkernel.a(timer.c.obj)
                                          0xc (size before relaxing)
 .literal.z_impl_k_timer_stop
                0x000000004008058c        0x0 zephyr/kernel/libkernel.a(timer.c.obj)
                                         0x10 (size before relaxing)
 .literal.z_heap_aligned_alloc
                0x000000004008058c        0x0 zephyr/kernel/libkernel.a(mempool.c.obj)
                                          0x4 (size before relaxing)
 .literal.k_free
                0x000000004008058c        0x0 zephyr/kernel/libkernel.a(mempool.c.obj)
                                          0x4 (size before relaxing)
 .literal.k_aligned_alloc
                0x000000004008058c        0x4 zephyr/kernel/libkernel.a(mempool.c.obj)
                                          0x8 (size before relaxing)
 .literal.k_malloc
                0x0000000040080590        0x0 zephyr/kernel/libkernel.a(mempool.c.obj)
                                          0x4 (size before relaxing)
 .literal.k_thread_system_pool_assign
                0x0000000040080590        0x0 zephyr/kernel/libkernel.a(mempool.c.obj)
                                          0x4 (size before relaxing)
 .literal.boot_banner
                0x0000000040080590        0x4 zephyr/kernel/libkernel.a(banner.c.obj)
                                          0x8 (size before relaxing)
 .literal.k_heap_init
                0x0000000040080594        0x0 zephyr/kernel/libkernel.a(kheap.c.obj)
                                          0x4 (size before relaxing)
 .literal.statics_init
                0x0000000040080594        0x8 zephyr/kernel/libkernel.a(kheap.c.obj)
                                          0xc (size before relaxing)
 .literal.k_heap_aligned_alloc
                0x000000004008059c        0x0 zephyr/kernel/libkernel.a(kheap.c.obj)
                                         0x10 (size before relaxing)
 .literal.k_heap_free
                0x000000004008059c        0x0 zephyr/kernel/libkernel.a(kheap.c.obj)
                                          0xc (size before relaxing)
 .literal.k_sys_work_q_init
                0x000000004008059c        0x8 zephyr/kernel/libkernel.a(system_work_q.c.obj)
                                         0x10 (size before relaxing)
 .literal       0x00000000400805a4        0x4 zephyr/libzephyr.a(windowspill_asm.S.obj)
 .literal.esp_log_early_timestamp
                0x00000000400805a8        0x4 zephyr/libzephyr.a(log_noos.c.obj)
 .literal.ccompare_isr
                0x00000000400805ac        0x8 zephyr/drivers/timer/libdrivers__timer.a(xtensa_sys_timer.c.obj)
                                          0xc (size before relaxing)
 .literal.sys_clock_set_timeout
                0x00000000400805b4        0xc zephyr/drivers/timer/libdrivers__timer.a(xtensa_sys_timer.c.obj)
                                         0x14 (size before relaxing)
 .literal.sys_clock_elapsed
                0x00000000400805c0        0x0 zephyr/drivers/timer/libdrivers__timer.a(xtensa_sys_timer.c.obj)
                                          0x8 (size before relaxing)
 .literal.activate_foreach_backend
                0x00000000400805c0        0x4 zephyr/libzephyr.a(log_core.c.obj)
                                          0x8 (size before relaxing)
 .literal.enable_logger
                0x00000000400805c4       0x18 zephyr/libzephyr.a(log_core.c.obj)
                                         0x24 (size before relaxing)
 .literal.default_lf_get_timestamp
                0x00000000400805dc        0x0 zephyr/libzephyr.a(log_core.c.obj)
                                          0x8 (size before relaxing)
 .literal.log_process_thread_timer_expiry_fn
                0x00000000400805dc        0x4 zephyr/libzephyr.a(log_core.c.obj)
                                          0x8 (size before relaxing)
 .literal.z_log_init
                0x00000000400805e0        0x8 zephyr/libzephyr.a(log_core.c.obj)
                                         0x18 (size before relaxing)
 .literal.log_format_func_t_get
                0x00000000400805e8        0x4 zephyr/libzephyr.a(log_core.c.obj)
 .literal.z_log_vprintk
                0x00000000400805ec        0x0 zephyr/libzephyr.a(log_core.c.obj)
                                          0x4 (size before relaxing)
 .literal.log_set_timestamp_func
                0x00000000400805ec        0x4 zephyr/libzephyr.a(log_core.c.obj)
                                          0x8 (size before relaxing)
 .literal.z_log_notify_backend_enabled
                0x00000000400805f0        0x4 zephyr/libzephyr.a(log_core.c.obj)
                                          0xc (size before relaxing)
 .literal.z_log_dropped
                0x00000000400805f4        0x8 zephyr/libzephyr.a(log_core.c.obj)
 .literal.z_log_notify_drop
                0x00000000400805fc        0x0 zephyr/libzephyr.a(log_core.c.obj)
                                          0x4 (size before relaxing)
 .literal.z_log_dropped_read_and_clear
                0x00000000400805fc        0x0 zephyr/libzephyr.a(log_core.c.obj)
                                          0x4 (size before relaxing)
 .literal.dropped_notify
                0x00000000400805fc        0x0 zephyr/libzephyr.a(log_core.c.obj)
                                          0xc (size before relaxing)
 .literal.z_log_msg_init
                0x00000000400805fc        0xc zephyr/libzephyr.a(log_core.c.obj)
                                         0x10 (size before relaxing)
 .literal.log_core_init
                0x0000000040080608        0x8 zephyr/libzephyr.a(log_core.c.obj)
                                         0x18 (size before relaxing)
 .literal.z_log_msg_alloc
                0x0000000040080610        0x0 zephyr/libzephyr.a(log_core.c.obj)
                                          0x8 (size before relaxing)
 .literal.z_log_msg_local_claim
                0x0000000040080610        0x0 zephyr/libzephyr.a(log_core.c.obj)
                                          0x8 (size before relaxing)
 .literal.z_log_msg_free
                0x0000000040080610        0x0 zephyr/libzephyr.a(log_core.c.obj)
                                          0x8 (size before relaxing)
 .literal.z_log_msg_pending
                0x0000000040080610        0x0 zephyr/libzephyr.a(log_core.c.obj)
                                          0x8 (size before relaxing)
 .literal.z_impl_log_process
                0x0000000040080610        0x4 zephyr/libzephyr.a(log_core.c.obj)
                                         0x30 (size before relaxing)
 .literal.z_impl_log_panic
                0x0000000040080614        0x0 zephyr/libzephyr.a(log_core.c.obj)
                                         0x14 (size before relaxing)
 .literal.log_process_thread_func
                0x0000000040080614        0x4 zephyr/libzephyr.a(log_core.c.obj)
                                         0x2c (size before relaxing)
 .literal.z_log_msg_post_finalize
                0x0000000040080618        0x0 zephyr/libzephyr.a(log_core.c.obj)
                                         0x24 (size before relaxing)
 .literal.z_log_msg_commit
                0x0000000040080618        0x0 zephyr/libzephyr.a(log_core.c.obj)
                                         0x10 (size before relaxing)
 .literal.printk
                0x0000000040080618        0x0 zephyr/libzephyr.a(printk.c.obj)
                                          0x4 (size before relaxing)
 .literal.z_cbprintf_cpy
                0x0000000040080618        0x4 zephyr/libzephyr.a(log_msg.c.obj)
 .literal.z_log_msg_finalize
                0x000000004008061c        0x0 zephyr/libzephyr.a(log_msg.c.obj)
                                          0xc (size before relaxing)
 .literal.z_log_msg_simple_create
                0x000000004008061c        0x4 zephyr/libzephyr.a(log_msg.c.obj)
                                         0x10 (size before relaxing)
 .literal.z_impl_z_log_msg_static_create
                0x0000000040080620       0x10 zephyr/libzephyr.a(log_msg.c.obj)
                                         0x28 (size before relaxing)
 .literal.z_impl_z_log_msg_simple_create_0
                0x0000000040080630        0x0 zephyr/libzephyr.a(log_msg.c.obj)
                                          0x4 (size before relaxing)
 .literal.z_impl_z_log_msg_simple_create_1
                0x0000000040080630        0x0 zephyr/libzephyr.a(log_msg.c.obj)
                                          0x4 (size before relaxing)
 .literal.z_impl_z_log_msg_simple_create_2
                0x0000000040080630        0x0 zephyr/libzephyr.a(log_msg.c.obj)
                                          0x4 (size before relaxing)
 .literal.z_log_msg_runtime_vcreate
                0x0000000040080630        0x0 zephyr/libzephyr.a(log_msg.c.obj)
                                         0x10 (size before relaxing)
 .literal.console_out
                0x0000000040080630        0x4 zephyr/drivers/console/libdrivers__console.a(uart_console.c.obj)
 .literal.print_formatted
                0x0000000040080634        0x4 zephyr/libzephyr.a(log_output.c.obj)
                                          0x8 (size before relaxing)
 .literal.newline_print
                0x0000000040080638        0x8 zephyr/libzephyr.a(log_output.c.obj)
                                          0xc (size before relaxing)
 .literal.log_output_flush
                0x0000000040080640        0x0 zephyr/libzephyr.a(log_output.c.obj)
                                          0x4 (size before relaxing)
 .literal.out_func
                0x0000000040080640        0x0 zephyr/libzephyr.a(log_output.c.obj)
                                          0x4 (size before relaxing)
 .literal.cr_out_func
                0x0000000040080640        0x0 zephyr/libzephyr.a(log_output.c.obj)
                                          0x8 (size before relaxing)
 .literal.log_output_process
                0x0000000040080640       0x58 zephyr/libzephyr.a(log_output.c.obj)
                                         0xb4 (size before relaxing)
 .literal.log_output_msg_process
                0x0000000040080698        0x4 zephyr/libzephyr.a(log_output.c.obj)
                                          0xc (size before relaxing)
 .literal.log_output_dropped_process
                0x000000004008069c       0x10 zephyr/libzephyr.a(log_output.c.obj)
                                         0x20 (size before relaxing)
 .literal.log_output_timestamp_freq_set
                0x00000000400806ac        0x0 zephyr/libzephyr.a(log_output.c.obj)
                                          0xc (size before relaxing)
 .literal.panic
                0x00000000400806ac        0x0 zephyr/libzephyr.a(log_backend_uart.c.obj)
                                          0x4 (size before relaxing)
 .literal.dropped
                0x00000000400806ac        0x0 zephyr/libzephyr.a(log_backend_uart.c.obj)
                                          0x4 (size before relaxing)
 .literal.process
                0x00000000400806ac        0x0 zephyr/libzephyr.a(log_backend_uart.c.obj)
                                          0x4 (size before relaxing)
 .literal.char_out
                0x00000000400806ac        0x0 zephyr/libzephyr.a(log_backend_uart.c.obj)
                                          0x4 (size before relaxing)
 .literal.__start
                0x00000000400806ac        0x0 zephyr/libzephyr.a(loader.c.obj)
                                          0x4 (size before relaxing)
 .literal.z_impl_zephyr_fputc
                0x00000000400806ac        0x4 zephyr/lib/libc/picolibc/liblib__libc__picolibc.a(libc-hooks.c.obj)
 .literal.picolibc_put
                0x00000000400806b0        0x0 zephyr/lib/libc/picolibc/liblib__libc__picolibc.a(libc-hooks.c.obj)
                                          0x4 (size before relaxing)
 .literal.__stdout_hook_install
                0x00000000400806b0        0x4 zephyr/lib/libc/picolibc/liblib__libc__picolibc.a(libc-hooks.c.obj)
                                          0x8 (size before relaxing)
 .literal.cbvprintf
                0x00000000400806b4        0x4 zephyr/lib/libc/picolibc/liblib__libc__picolibc.a(libc-hooks.c.obj)
                                          0xc (size before relaxing)
 .literal.snprintf
                0x00000000400806b8        0x4 /home/ivan/bin/zephyr-sdk-0.16.4/xtensa-espressif_esp32_zephyr-elf/bin/../lib/gcc/../../picolibc/xtensa-espressif_esp32_zephyr-elf/lib/libc.a(libc_tinystdio_snprintf.c.o)
                                          0xc (size before relaxing)
 .literal.__l_vfprintf
                0x00000000400806bc       0x14 /home/ivan/bin/zephyr-sdk-0.16.4/xtensa-espressif_esp32_zephyr-elf/bin/../lib/gcc/../../picolibc/xtensa-espressif_esp32_zephyr-elf/lib/libc.a(libc_tinystdio_vflprintf.c.o)
                                         0x18 (size before relaxing)
 .iram1         0x00000000400806d0       0x45 zephyr/libzephyr.a(soc.c.obj)
                                         0x5d (size before relaxing)
                0x00000000400806d0                __esp_platform_start
 *fill*         0x0000000040080715        0x3 
 .iram1.11      0x0000000040080718       0x1b zephyr/libzephyr.a(soc.c.obj)
                0x0000000040080718                arch_printk_char_out
 *fill*         0x0000000040080733        0x1 
 .iram1.2       0x0000000040080734       0x10 zephyr/libzephyr.a(esp_clk.c.obj)
                0x0000000040080734                esp_clk_cpu_freq
 .iram1.3       0x0000000040080744       0x18 zephyr/libzephyr.a(esp_clk.c.obj)
                0x0000000040080744                esp_clk_apb_freq
 .iram1.5       0x000000004008075c        0xa zephyr/libzephyr.a(esp_clk.c.obj)
                0x000000004008075c                ets_update_cpu_frequency
 *fill*         0x0000000040080766        0x2 
 .iram1.2       0x0000000040080768       0x27 zephyr/libzephyr.a(regi2c_ctrl.c.obj)
                0x0000000040080768                regi2c_ctrl_write_reg
 *fill*         0x000000004008078f        0x1 
 .iram1.1       0x0000000040080790       0x1c zephyr/libzephyr.a(reset_reason.c.obj)
                0x0000000040080790                esp_reset_reason_get_hint
 .iram1.3       0x00000000400807ac       0x41 zephyr/arch/arch/xtensa/core/libarch__xtensa__core.a(xtensa_backtrace.c.obj)
 *fill*         0x00000000400807ed        0x3 
 .iram1         0x00000000400807f0       0x1a zephyr/arch/arch/xtensa/core/libarch__xtensa__core.a(debug_helpers_asm.S.obj)
                0x00000000400807f0                xtensa_backtrace_get_start
 *fill*         0x000000004008080a        0x2 
 .iram1.5       0x000000004008080c       0x33 zephyr/drivers/interrupt_controller/libdrivers__interrupt_controller.a(intc_esp32.c.obj)
                                         0x3a (size before relaxing)
 *fill*         0x000000004008083f        0x1 
 .iram1.8       0x0000000040080840       0xae zephyr/drivers/interrupt_controller/libdrivers__interrupt_controller.a(intc_esp32.c.obj)
                                         0xb2 (size before relaxing)
                0x0000000040080840                esp_intr_disable
 *fill*         0x00000000400808ee        0x2 
 .iram1.4       0x00000000400808f0       0x11 zephyr/drivers/gpio/libdrivers__gpio.a(gpio_esp32.c.obj)
                                         0x17 (size before relaxing)
 *fill*         0x0000000040080901        0x0 
 *fill*         0x0000000040080901        0x0 
 *fill*         0x0000000040080901        0x0 
 *fill*         0x0000000040080901        0x0 
 *fill*         0x0000000040080901        0x0 
 *fill*         0x0000000040080901        0x0 
 *fill*         0x0000000040080901        0x0 
 *fill*         0x0000000040080901        0x3 
 .iram1.3       0x0000000040080904       0xa6 zephyr/drivers/gpio/libdrivers__gpio.a(gpio_esp32.c.obj)
 *fill*         0x00000000400809aa        0x0 
 *(SORT_BY_ALIGNMENT(.iram0.literal) SORT_BY_ALIGNMENT(.iram.literal) SORT_BY_ALIGNMENT(.iram.text.literal) SORT_BY_ALIGNMENT(.iram0.text) SORT_BY_ALIGNMENT(.iram.text))
 *fill*         0x00000000400809aa        0x2 
 .iram0.text    0x00000000400809ac       0x2d zephyr/arch/arch/xtensa/core/libarch__xtensa__core.a(xtensa_asm2_util.S.obj)
                0x00000000400809ac                _Level1Vector
 *fill*         0x00000000400809d9        0x0 
 *libesp32.a:panic.*(SORT_BY_ALIGNMENT(.literal) SORT_BY_ALIGNMENT(.text) SORT_BY_ALIGNMENT(.literal.*) SORT_BY_ALIGNMENT(.text.*))
 *librtc.a:(SORT_BY_ALIGNMENT(.literal) SORT_BY_ALIGNMENT(.text) SORT_BY_ALIGNMENT(.literal.*) SORT_BY_ALIGNMENT(.text.*))
 *libarch__xtensa__core.a:(SORT_BY_ALIGNMENT(.literal) SORT_BY_ALIGNMENT(.text) SORT_BY_ALIGNMENT(.literal.*) SORT_BY_ALIGNMENT(.text.*))
 *fill*         0x00000000400809d9        0x3 
 .text.arch_cpu_idle
                0x00000000400809dc        0xb zephyr/arch/arch/xtensa/core/libarch__xtensa__core.a(cpu_idle.c.obj)
                                          0xe (size before relaxing)
                0x00000000400809dc                arch_cpu_idle
 *fill*         0x00000000400809e7        0x1 
 .text.xtensa_exccause
                0x00000000400809e8       0x17 zephyr/arch/arch/xtensa/core/libarch__xtensa__core.a(fatal.c.obj)
                0x00000000400809e8                xtensa_exccause
 *fill*         0x00000000400809ff        0x1 
 .text.xtensa_fatal_error
                0x0000000040080a00       0x26 zephyr/arch/arch/xtensa/core/libarch__xtensa__core.a(fatal.c.obj)
                                         0x2e (size before relaxing)
                0x0000000040080a00                xtensa_fatal_error
 *fill*         0x0000000040080a26        0x2 
 .text          0x0000000040080a28      0x21c zephyr/arch/arch/xtensa/core/libarch__xtensa__core.a(xtensa_asm2_util.S.obj)
                0x0000000040080a28                xtensa_spill_reg_windows
                0x0000000040080a48                xtensa_save_high_regs
                0x0000000040080a90                xtensa_restore_high_regs
                0x0000000040080ac5                _restore_context
                0x0000000040080afc                xtensa_arch_except
                0x0000000040080aff                xtensa_arch_except_epc
                0x0000000040080b04                xtensa_arch_kernel_oops
                0x0000000040080b07                xtensa_arch_kernel_oops_epc
                0x0000000040080b0c                xtensa_switch
 .text.z_irq_spurious
                0x0000000040080c44       0x42 zephyr/arch/arch/xtensa/core/libarch__xtensa__core.a(irq_manage.c.obj)
                                         0x46 (size before relaxing)
                0x0000000040080c44                z_irq_spurious
 *fill*         0x0000000040080c86        0x2 
 .text.arch_new_thread
                0x0000000040080c88       0x38 zephyr/arch/arch/xtensa/core/libarch__xtensa__core.a(thread.c.obj)
                0x0000000040080c88                arch_new_thread
 .text.return_to
                0x0000000040080cc0       0x14 zephyr/arch/arch/xtensa/core/libarch__xtensa__core.a(vector_handlers.c.obj)
                                         0x18 (size before relaxing)
 .text.z_log_msg_static_create$constprop$0
                0x0000000040080cd4       0x13 zephyr/arch/arch/xtensa/core/libarch__xtensa__core.a(vector_handlers.c.obj)
 *fill*         0x0000000040080ce7        0x1 
 .text.xtensa_dump_stack
                0x0000000040080ce8      0x180 zephyr/arch/arch/xtensa/core/libarch__xtensa__core.a(vector_handlers.c.obj)
                                        0x194 (size before relaxing)
                0x0000000040080ce8                xtensa_dump_stack
 .text.xtensa_int2_c
                0x0000000040080e68       0x5a zephyr/arch/arch/xtensa/core/libarch__xtensa__core.a(vector_handlers.c.obj)
                0x0000000040080e68                xtensa_int2_c
 *fill*         0x0000000040080ec2        0x2 
 .text.xtensa_int3_c
                0x0000000040080ec4       0x82 zephyr/arch/arch/xtensa/core/libarch__xtensa__core.a(vector_handlers.c.obj)
                0x0000000040080ec4                xtensa_int3_c
 *fill*         0x0000000040080f46        0x2 
 .text.xtensa_int4_c
                0x0000000040080f48       0x6a zephyr/arch/arch/xtensa/core/libarch__xtensa__core.a(vector_handlers.c.obj)
                0x0000000040080f48                xtensa_int4_c
 *fill*         0x0000000040080fb2        0x2 
 .text.xtensa_int5_c
                0x0000000040080fb4       0x5e zephyr/arch/arch/xtensa/core/libarch__xtensa__core.a(vector_handlers.c.obj)
                0x0000000040080fb4                xtensa_int5_c
 *fill*         0x0000000040081012        0x2 
 .text.xtensa_int6_c
                0x0000000040081014       0x15 zephyr/arch/arch/xtensa/core/libarch__xtensa__core.a(vector_handlers.c.obj)
                0x0000000040081014                xtensa_int6_c
 *fill*         0x0000000040081029        0x3 
 .text.xtensa_int7_c
                0x000000004008102c       0x36 zephyr/arch/arch/xtensa/core/libarch__xtensa__core.a(vector_handlers.c.obj)
                0x000000004008102c                xtensa_int7_c
 *fill*         0x0000000040081062        0x2 
 .text.xtensa_excint1_c
                0x0000000040081064      0x2e4 zephyr/arch/arch/xtensa/core/libarch__xtensa__core.a(vector_handlers.c.obj)
                                        0x300 (size before relaxing)
                0x0000000040081064                xtensa_excint1_c
 .text.xtensa_cpu_process_stack_pc
                0x0000000040081348       0x2b zephyr/arch/arch/xtensa/core/libarch__xtensa__core.a(xtensa_backtrace.c.obj)
 *fill*         0x0000000040081373        0x1 
 .text.xtensa_backtrace_get_next_frame
                0x0000000040081374       0x39 zephyr/arch/arch/xtensa/core/libarch__xtensa__core.a(xtensa_backtrace.c.obj)
                                         0x3d (size before relaxing)
                0x0000000040081374                xtensa_backtrace_get_next_frame
 *fill*         0x00000000400813ad        0x3 
 .text.xtensa_backtrace_print
                0x00000000400813b0       0xd6 zephyr/arch/arch/xtensa/core/libarch__xtensa__core.a(xtensa_backtrace.c.obj)
                                         0xfa (size before relaxing)
                0x00000000400813b0                xtensa_backtrace_print
 *fill*         0x0000000040081486        0x0 
 *fill*         0x0000000040081486        0x0 
 *fill*         0x0000000040081486        0x0 
 *fill*         0x0000000040081486        0x0 
 *fill*         0x0000000040081486        0x0 
 *fill*         0x0000000040081486        0x0 
 *fill*         0x0000000040081486        0x0 
 *fill*         0x0000000040081486        0x0 
 *fill*         0x0000000040081486        0x0 
 *fill*         0x0000000040081486        0x0 
 *fill*         0x0000000040081486        0x0 
 *fill*         0x0000000040081486        0x0 
 *fill*         0x0000000040081486        0x0 
 *fill*         0x0000000040081486        0x0 
 *libkernel.a:(SORT_BY_ALIGNMENT(.literal) SORT_BY_ALIGNMENT(.text) SORT_BY_ALIGNMENT(.literal.*) SORT_BY_ALIGNMENT(.text.*))
 *fill*         0x0000000040081486        0x2 
 .text.z_impl_k_busy_wait
                0x0000000040081488       0x1f zephyr/kernel/libkernel.a(busy_wait.c.obj)
                                         0x26 (size before relaxing)
                0x0000000040081488                z_impl_k_busy_wait
 *fill*         0x00000000400814a7        0x1 
 .text.k_sys_fatal_error_handler
                0x00000000400814a8       0x18 zephyr/kernel/libkernel.a(fatal.c.obj)
                                         0x20 (size before relaxing)
                0x00000000400814a8                k_sys_fatal_error_handler
 .text.z_fatal_error
                0x00000000400814c0       0xaa zephyr/kernel/libkernel.a(fatal.c.obj)
                                         0xbe (size before relaxing)
                0x00000000400814c0                z_fatal_error
 *fill*         0x000000004008156a        0x2 
 .text.z_sys_init_run_level
                0x000000004008156c       0x4b zephyr/kernel/libkernel.a(init.c.obj)
 *fill*         0x00000000400815b7        0x1 
 .text.bg_thread_main
                0x00000000400815b8       0x2e zephyr/kernel/libkernel.a(init.c.obj)
                                         0x3e (size before relaxing)
 *fill*         0x00000000400815e6        0x2 
 .text.z_early_memset
                0x00000000400815e8       0x12 zephyr/kernel/libkernel.a(init.c.obj)
                0x00000000400815e8                z_early_memset
 *fill*         0x00000000400815fa        0x2 
 .text.z_bss_zero
                0x00000000400815fc       0x13 zephyr/kernel/libkernel.a(init.c.obj)
                                         0x16 (size before relaxing)
                0x00000000400815fc                z_bss_zero
 *fill*         0x000000004008160f        0x1 
 .text.z_init_cpu
                0x0000000040081610       0x69 zephyr/kernel/libkernel.a(init.c.obj)
                                         0x6d (size before relaxing)
                0x0000000040081610                z_init_cpu
 *fill*         0x0000000040081679        0x3 
 .text.z_cstart
                0x000000004008167c       0x97 zephyr/kernel/libkernel.a(init.c.obj)
                                         0xc3 (size before relaxing)
                0x000000004008167c                z_cstart
 *fill*         0x0000000040081713        0x1 
 .text.z_impl_k_thread_start